Archive member included to satisfy reference by file (symbol)

c:/program files (x86)/atmel/studio/7.0/toolchain/avr8/avr8-gnu-toolchain/bin/../lib/gcc/avr/5.4.0/avr5\libgcc.a(_exit.o)
                              C:/Program Files (x86)/Atmel/Studio/7.0/Packs/atmel/ATmega_DFP/1.7.374/gcc/dev/atmega32a/avr5/crtatmega32a.o (exit)
c:/program files (x86)/atmel/studio/7.0/toolchain/avr8/avr8-gnu-toolchain/bin/../lib/gcc/avr/5.4.0/avr5\libgcc.a(_tablejump2.o)
                              Application/SmartHome_Core.o (__tablejump2__)
c:/program files (x86)/atmel/studio/7.0/toolchain/avr8/avr8-gnu-toolchain/bin/../lib/gcc/avr/5.4.0/avr5\libgcc.a(_copy_data.o)
                              Application/SmartHome_Core.o (__do_copy_data)
c:/program files (x86)/atmel/studio/7.0/toolchain/avr8/avr8-gnu-toolchain/bin/../lib/gcc/avr/5.4.0/avr5\libgcc.a(_clear_bss.o)
                              Application/SmartHome_Core.o (__do_clear_bss)
c:/program files (x86)/atmel/studio/7.0/toolchain/avr8/avr8-gnu-toolchain/bin/../lib/gcc/avr/5.4.0/../../../../avr/lib/avr5\libc.a(atoi.o)
                              Application/SmartHome_Core.o (atoi)
c:/program files (x86)/atmel/studio/7.0/toolchain/avr8/avr8-gnu-toolchain/bin/../lib/gcc/avr/5.4.0/../../../../avr/lib/avr5\libc.a(strcmp.o)
                              Application/SmartHome_Core.o (strcmp)
c:/program files (x86)/atmel/studio/7.0/toolchain/avr8/avr8-gnu-toolchain/bin/../lib/gcc/avr/5.4.0/../../../../avr/lib/avr5\libc.a(strcpy.o)
                              Application/SmartHome_Core.o (strcpy)
c:/program files (x86)/atmel/studio/7.0/toolchain/avr8/avr8-gnu-toolchain/bin/../lib/gcc/avr/5.4.0/../../../../avr/lib/avr5\libc.a(itoa_ncheck.o)
                              Application/SmartHome_Core.o (__itoa_ncheck)
c:/program files (x86)/atmel/studio/7.0/toolchain/avr8/avr8-gnu-toolchain/bin/../lib/gcc/avr/5.4.0/../../../../avr/lib/avr5\libc.a(mul10.o)
                              c:/program files (x86)/atmel/studio/7.0/toolchain/avr8/avr8-gnu-toolchain/bin/../lib/gcc/avr/5.4.0/../../../../avr/lib/avr5\libc.a(atoi.o) (__mulhi_const_10)
c:/program files (x86)/atmel/studio/7.0/toolchain/avr8/avr8-gnu-toolchain/bin/../lib/gcc/avr/5.4.0/../../../../avr/lib/avr5\libc.a(utoa_ncheck.o)
                              c:/program files (x86)/atmel/studio/7.0/toolchain/avr8/avr8-gnu-toolchain/bin/../lib/gcc/avr/5.4.0/../../../../avr/lib/avr5\libc.a(itoa_ncheck.o) (__utoa_common)
c:/program files (x86)/atmel/studio/7.0/toolchain/avr8/avr8-gnu-toolchain/bin/../lib/gcc/avr/5.4.0/../../../../avr/lib/avr5\libc.a(sprintf.o)
                              MCAL/UART/UART.o (sprintf)
c:/program files (x86)/atmel/studio/7.0/toolchain/avr8/avr8-gnu-toolchain/bin/../lib/gcc/avr/5.4.0/../../../../avr/lib/avr5\libc.a(vfprintf_std.o)
                              c:/program files (x86)/atmel/studio/7.0/toolchain/avr8/avr8-gnu-toolchain/bin/../lib/gcc/avr/5.4.0/../../../../avr/lib/avr5\libc.a(sprintf.o) (vfprintf)
c:/program files (x86)/atmel/studio/7.0/toolchain/avr8/avr8-gnu-toolchain/bin/../lib/gcc/avr/5.4.0/../../../../avr/lib/avr5\libc.a(strnlen_P.o)
                              c:/program files (x86)/atmel/studio/7.0/toolchain/avr8/avr8-gnu-toolchain/bin/../lib/gcc/avr/5.4.0/../../../../avr/lib/avr5\libc.a(vfprintf_std.o) (strnlen_P)
c:/program files (x86)/atmel/studio/7.0/toolchain/avr8/avr8-gnu-toolchain/bin/../lib/gcc/avr/5.4.0/../../../../avr/lib/avr5\libc.a(strnlen.o)
                              c:/program files (x86)/atmel/studio/7.0/toolchain/avr8/avr8-gnu-toolchain/bin/../lib/gcc/avr/5.4.0/../../../../avr/lib/avr5\libc.a(vfprintf_std.o) (strnlen)
c:/program files (x86)/atmel/studio/7.0/toolchain/avr8/avr8-gnu-toolchain/bin/../lib/gcc/avr/5.4.0/../../../../avr/lib/avr5\libc.a(strrev.o)
                              c:/program files (x86)/atmel/studio/7.0/toolchain/avr8/avr8-gnu-toolchain/bin/../lib/gcc/avr/5.4.0/../../../../avr/lib/avr5\libc.a(utoa_ncheck.o) (strrev)
c:/program files (x86)/atmel/studio/7.0/toolchain/avr8/avr8-gnu-toolchain/bin/../lib/gcc/avr/5.4.0/../../../../avr/lib/avr5\libc.a(fputc.o)
                              c:/program files (x86)/atmel/studio/7.0/toolchain/avr8/avr8-gnu-toolchain/bin/../lib/gcc/avr/5.4.0/../../../../avr/lib/avr5\libc.a(vfprintf_std.o) (fputc)
c:/program files (x86)/atmel/studio/7.0/toolchain/avr8/avr8-gnu-toolchain/bin/../lib/gcc/avr/5.4.0/../../../../avr/lib/avr5\libc.a(ultoa_invert.o)
                              c:/program files (x86)/atmel/studio/7.0/toolchain/avr8/avr8-gnu-toolchain/bin/../lib/gcc/avr/5.4.0/../../../../avr/lib/avr5\libc.a(vfprintf_std.o) (__ultoa_invert)
c:/program files (x86)/atmel/studio/7.0/toolchain/avr8/avr8-gnu-toolchain/bin/../lib/gcc/avr/5.4.0/avr5\libgcc.a(_prologue.o)
                              c:/program files (x86)/atmel/studio/7.0/toolchain/avr8/avr8-gnu-toolchain/bin/../lib/gcc/avr/5.4.0/../../../../avr/lib/avr5\libc.a(sprintf.o) (__prologue_saves__)
c:/program files (x86)/atmel/studio/7.0/toolchain/avr8/avr8-gnu-toolchain/bin/../lib/gcc/avr/5.4.0/avr5\libgcc.a(_epilogue.o)
                              c:/program files (x86)/atmel/studio/7.0/toolchain/avr8/avr8-gnu-toolchain/bin/../lib/gcc/avr/5.4.0/../../../../avr/lib/avr5\libc.a(sprintf.o) (__epilogue_restores__)

Allocating common symbols
Common symbol       size              file

Old_g_Temp          0x1               Application/SmartHome_Core.o
EEPROM_Password     0x8               Application/SmartHome_Core.o
UART_G_Choice_2     0x1               Application/SmartHome_Core.o
UART_G_Choice_1     0x1               Application/SmartHome_Core.o
LCD_ID              0x1               Application/SmartHome_Core.o
UART_Password       0x8               Application/SmartHome_Core.o
LCD_UserID          0x8               Application/SmartHome_Core.o
LCD_EE_Username     0x8               Application/SmartHome_Core.o
User_ID             0x1               Application/SmartHome_Core.o
EEPROM_Username     0x8               Application/SmartHome_Core.o
UART_G_Choice_3     0x1               Application/SmartHome_Core.o
New_UserID          0x1               Application/SmartHome_Core.o
UART_Buffer         0x8               Application/SmartHome_Core.o
New_Username        0x8               Application/SmartHome_Core.o
LCD_Password        0x8               Application/SmartHome_Core.o
UART_UserID         0x8               Application/SmartHome_Core.o
New_Password        0x8               Application/SmartHome_Core.o
LCD_EE_Password     0x8               Application/SmartHome_Core.o

Discarded input sections

 .data          0x00000000        0x0 C:/Program Files (x86)/Atmel/Studio/7.0/Packs/atmel/ATmega_DFP/1.7.374/gcc/dev/atmega32a/avr5/crtatmega32a.o
 .bss           0x00000000        0x0 C:/Program Files (x86)/Atmel/Studio/7.0/Packs/atmel/ATmega_DFP/1.7.374/gcc/dev/atmega32a/avr5/crtatmega32a.o
 .text          0x00000000        0x0 Application/SmartHome_Core.o
 .data          0x00000000        0x0 Application/SmartHome_Core.o
 .bss           0x00000000        0x0 Application/SmartHome_Core.o
 .rodata        0x00000000       0x28 Application/SmartHome_Core.o
 .text.Smart_Configurator
                0x00000000      0x13c Application/SmartHome_Core.o
 .text          0x00000000        0x0 HAL/AirConditioner/AC.o
 .data          0x00000000        0x0 HAL/AirConditioner/AC.o
 .bss           0x00000000        0x0 HAL/AirConditioner/AC.o
 .text          0x00000000        0x0 HAL/Bluetooth/Bluetooth.o
 .data          0x00000000        0x0 HAL/Bluetooth/Bluetooth.o
 .bss           0x00000000        0x0 HAL/Bluetooth/Bluetooth.o
 .debug_line    0x00000000        0x0 HAL/Bluetooth/Bluetooth.o
 .debug_str     0x00000000       0xfb HAL/Bluetooth/Bluetooth.o
 .comment       0x00000000       0x31 HAL/Bluetooth/Bluetooth.o
 .text          0x00000000        0x0 HAL/Buzzer/Buzzer.o
 .data          0x00000000        0x0 HAL/Buzzer/Buzzer.o
 .bss           0x00000000        0x0 HAL/Buzzer/Buzzer.o
 .text.BUZZER_Initialization
                0x00000000        0xc HAL/Buzzer/Buzzer.o
 .text.BUZZER_Off
                0x00000000        0xc HAL/Buzzer/Buzzer.o
 .text          0x00000000        0x0 HAL/Dimming_Light/Dimmer.o
 .data          0x00000000        0x0 HAL/Dimming_Light/Dimmer.o
 .bss           0x00000000        0x0 HAL/Dimming_Light/Dimmer.o
 .text          0x00000000        0x0 HAL/Door_Servo/Door_Servo.o
 .data          0x00000000        0x0 HAL/Door_Servo/Door_Servo.o
 .bss           0x00000000        0x0 HAL/Door_Servo/Door_Servo.o
 .text          0x00000000        0x0 HAL/EEPROM/EEPROM.o
 .data          0x00000000        0x0 HAL/EEPROM/EEPROM.o
 .bss           0x00000000        0x0 HAL/EEPROM/EEPROM.o
 .text.EEPROM_Write_Number_32
                0x00000000       0x76 HAL/EEPROM/EEPROM.o
 .text.EEPROM_Read_Number_32
                0x00000000       0x76 HAL/EEPROM/EEPROM.o
 .text.EEPROM_Edit_Data
                0x00000000       0x1c HAL/EEPROM/EEPROM.o
 .text          0x00000000        0x0 HAL/Keypad_4x4/Keypad_4x4.o
 .data          0x00000000        0x0 HAL/Keypad_4x4/Keypad_4x4.o
 .bss           0x00000000        0x0 HAL/Keypad_4x4/Keypad_4x4.o
 .text          0x00000000        0x0 HAL/LCD_16x2/LCD.o
 .data          0x00000000        0x0 HAL/LCD_16x2/LCD.o
 .bss           0x00000000        0x0 HAL/LCD_16x2/LCD.o
 .text          0x00000000        0x0 HAL/Leds_5/Leds.o
 .data          0x00000000        0x0 HAL/Leds_5/Leds.o
 .bss           0x00000000        0x0 HAL/Leds_5/Leds.o
 .text.LED0_Init
                0x00000000        0xc HAL/Leds_5/Leds.o
 .text.LED1_Init
                0x00000000        0xc HAL/Leds_5/Leds.o
 .text.LED2_Init
                0x00000000        0xc HAL/Leds_5/Leds.o
 .text.LED3_Init
                0x00000000        0xc HAL/Leds_5/Leds.o
 .text.LED4_Init
                0x00000000        0xc HAL/Leds_5/Leds.o
 .text.LED_0_On
                0x00000000        0xc HAL/Leds_5/Leds.o
 .text.LED_1_On
                0x00000000        0xc HAL/Leds_5/Leds.o
 .text.LED_2_On
                0x00000000        0xc HAL/Leds_5/Leds.o
 .text.LED_3_On
                0x00000000        0xc HAL/Leds_5/Leds.o
 .text.LED_4_On
                0x00000000        0xc HAL/Leds_5/Leds.o
 .text          0x00000000        0x0 HAL/Temperature_Sensor/Temp_Sensor.o
 .data          0x00000000        0x0 HAL/Temperature_Sensor/Temp_Sensor.o
 .bss           0x00000000        0x0 HAL/Temperature_Sensor/Temp_Sensor.o
 .debug_line    0x00000000        0x0 HAL/Temperature_Sensor/Temp_Sensor.o
 .debug_str     0x00000000      0x147 HAL/Temperature_Sensor/Temp_Sensor.o
 .comment       0x00000000       0x31 HAL/Temperature_Sensor/Temp_Sensor.o
 .text          0x00000000        0x0 main.o
 .data          0x00000000        0x0 main.o
 .bss           0x00000000        0x0 main.o
 .text          0x00000000        0x0 MCAL/Analog_To_Digital_Converter/ADC.o
 .data          0x00000000        0x0 MCAL/Analog_To_Digital_Converter/ADC.o
 .bss           0x00000000        0x0 MCAL/Analog_To_Digital_Converter/ADC.o
 .text.ADC_Auto_Trigger_Enable
                0x00000000        0x8 MCAL/Analog_To_Digital_Converter/ADC.o
 .text.ADC_Auto_Trigger_Disable
                0x00000000        0x8 MCAL/Analog_To_Digital_Converter/ADC.o
 .text.ADC_Interrupt_Enable
                0x00000000        0x8 MCAL/Analog_To_Digital_Converter/ADC.o
 .text.ADC_Interrupt_Disable
                0x00000000        0x8 MCAL/Analog_To_Digital_Converter/ADC.o
 .text.ADC_Return_Result
                0x00000000        0x4 MCAL/Analog_To_Digital_Converter/ADC.o
 .text.ADC_Timer_Polling_Result
                0x00000000        0xe MCAL/Analog_To_Digital_Converter/ADC.o
 .text.ADC_Manual_Interrupt
                0x00000000       0x1a MCAL/Analog_To_Digital_Converter/ADC.o
 .text.ADC_Timer_No_Interrupt
                0x00000000       0x32 MCAL/Analog_To_Digital_Converter/ADC.o
 .text.ADC_Timer_With_Interrupt
                0x00000000       0x32 MCAL/Analog_To_Digital_Converter/ADC.o
 .text.ADC_Interrupt_Flag_Clear
                0x00000000        0x8 MCAL/Analog_To_Digital_Converter/ADC.o
 .text          0x00000000        0x0 MCAL/Digital_Input_Output/DIO.o
 .data          0x00000000        0x0 MCAL/Digital_Input_Output/DIO.o
 .bss           0x00000000        0x0 MCAL/Digital_Input_Output/DIO.o
 .text.DIO_Set_Port_Direction
                0x00000000       0x50 MCAL/Digital_Input_Output/DIO.o
 .text.DIO_Set_Port_Output
                0x00000000       0x50 MCAL/Digital_Input_Output/DIO.o
 .text          0x00000000        0x0 MCAL/Interrupt/Interrupt.o
 .data          0x00000000        0x0 MCAL/Interrupt/Interrupt.o
 .bss           0x00000000        0x0 MCAL/Interrupt/Interrupt.o
 .text.EXTI0_Init
                0x00000000        0xe MCAL/Interrupt/Interrupt.o
 .text.EXTI0_Set_Direction_Input
                0x00000000        0xc MCAL/Interrupt/Interrupt.o
 .text.EXTI0_Set_Internal_Pull_Up
                0x00000000        0xc MCAL/Interrupt/Interrupt.o
 .text.EXTI1_Init
                0x00000000        0xe MCAL/Interrupt/Interrupt.o
 .text.EXTI2_Init
                0x00000000        0x8 MCAL/Interrupt/Interrupt.o
 .text.EXTI0_Enable
                0x00000000        0x8 MCAL/Interrupt/Interrupt.o
 .text.EXTI0_Disable
                0x00000000        0x8 MCAL/Interrupt/Interrupt.o
 .text.EXTI1_Enable
                0x00000000        0x8 MCAL/Interrupt/Interrupt.o
 .text.EXTI1_Disable
                0x00000000        0x8 MCAL/Interrupt/Interrupt.o
 .text.EXTI2_Enable
                0x00000000        0x8 MCAL/Interrupt/Interrupt.o
 .text.EXTI2_Disable
                0x00000000        0x8 MCAL/Interrupt/Interrupt.o
 .text          0x00000000        0x0 MCAL/Timers/Timers.o
 .data          0x00000000        0x0 MCAL/Timers/Timers.o
 .bss           0x00000000        0x0 MCAL/Timers/Timers.o
 .text.Timer1_Init
                0x00000000       0x56 MCAL/Timers/Timers.o
 .text.Timer1_Enable_Input_Capture_Interrupt
                0x00000000        0x8 MCAL/Timers/Timers.o
 .text.Timer1_Disable_Input_Capture_Interrupt
                0x00000000        0x8 MCAL/Timers/Timers.o
 .text.Timer1_Enable_Compare_A_Interrupt
                0x00000000        0x8 MCAL/Timers/Timers.o
 .text.Timer1_Disable_Compare_A_Interrupt
                0x00000000        0x8 MCAL/Timers/Timers.o
 .text.Timer1_Enable_Compare_B_Interrupt
                0x00000000        0x8 MCAL/Timers/Timers.o
 .text.Timer1_Disable_Compare_B_Interrupt
                0x00000000        0x8 MCAL/Timers/Timers.o
 .text.Timer1_Enable_Overflow_Interrupt
                0x00000000        0x8 MCAL/Timers/Timers.o
 .text.Timer1_Disable_Overflow_Interrupt
                0x00000000        0x8 MCAL/Timers/Timers.o
 .text.Timer1_Read_IC_Interrupt_Flag
                0x00000000        0xa MCAL/Timers/Timers.o
 .text.Timer1_Read_OCA_Interrupt_Flag
                0x00000000        0x8 MCAL/Timers/Timers.o
 .text.Timer1_Read_OCB_Interrupt_Flag
                0x00000000        0xa MCAL/Timers/Timers.o
 .text.Timer1_Read_OVF_Interrupt_Flag
                0x00000000        0xa MCAL/Timers/Timers.o
 .text.Timer1_Read_IC_Reg
                0x00000000        0xe MCAL/Timers/Timers.o
 .text.Timer1_Set_ICR1_Reg
                0x00000000        0x6 MCAL/Timers/Timers.o
 .text.Timer1_Set_TCNT1_Reg
                0x00000000        0x6 MCAL/Timers/Timers.o
 .text.Timer1_Set_OCR1A_Reg
                0x00000000        0x6 MCAL/Timers/Timers.o
 .text.Timer1_Set_OCR1B_Reg
                0x00000000        0x6 MCAL/Timers/Timers.o
 .text.Timer0_Set_TCNT0_Reg
                0x00000000        0x4 MCAL/Timers/Timers.o
 .text.Timer0_Set_OCR0_Reg
                0x00000000        0x4 MCAL/Timers/Timers.o
 .text.Timer0_Disable_Overflow_Interrupt
                0x00000000        0x8 MCAL/Timers/Timers.o
 .text.Timer0_Enable_CTC_Interrupt
                0x00000000        0x8 MCAL/Timers/Timers.o
 .text.Timer0_Disable_CTC_Interrupt
                0x00000000        0x8 MCAL/Timers/Timers.o
 .text.Timer2_Init
                0x00000000       0x2c MCAL/Timers/Timers.o
 .text.Timer2_Set_TCNT2_Reg
                0x00000000        0x4 MCAL/Timers/Timers.o
 .text.Timer2_Set_OCR2_Reg
                0x00000000        0x4 MCAL/Timers/Timers.o
 .text.Timer2_Enable_Overflow_Interrupt
                0x00000000        0x8 MCAL/Timers/Timers.o
 .text.Timer2_Disable_Overflow_Interrupt
                0x00000000        0x8 MCAL/Timers/Timers.o
 .text.Timer2_Enable_CTC_Interrupt
                0x00000000        0x8 MCAL/Timers/Timers.o
 .text.Timer2_Disable_CTC_Interrupt
                0x00000000        0x8 MCAL/Timers/Timers.o
 .text          0x00000000        0x0 MCAL/TWI_I2C/TWI_I2C.o
 .data          0x00000000        0x0 MCAL/TWI_I2C/TWI_I2C.o
 .bss           0x00000000        0x0 MCAL/TWI_I2C/TWI_I2C.o
 .text.TWI_Interrupt_Enable
                0x00000000        0x8 MCAL/TWI_I2C/TWI_I2C.o
 .text.TWI_Interrupt_Disable
                0x00000000        0x8 MCAL/TWI_I2C/TWI_I2C.o
 .text.TWI_Set_My_Address
                0x00000000       0x12 MCAL/TWI_I2C/TWI_I2C.o
 .text          0x00000000        0x0 MCAL/UART/UART.o
 .data          0x00000000        0x0 MCAL/UART/UART.o
 .bss           0x00000000        0x0 MCAL/UART/UART.o
 .text.UART_Enable_TX
                0x00000000        0x8 MCAL/UART/UART.o
 .text.UART_Disable_TX
                0x00000000        0x8 MCAL/UART/UART.o
 .text.UART_Enable_RX
                0x00000000        0x8 MCAL/UART/UART.o
 .text.UART_Disable_RX
                0x00000000        0x8 MCAL/UART/UART.o
 .text.UART_Enable_TX_Interrupt
                0x00000000        0x8 MCAL/UART/UART.o
 .text.UART_Disable_TX_Interrupt
                0x00000000        0x8 MCAL/UART/UART.o
 .text.UART_Disable_RX_Interrupt
                0x00000000        0x8 MCAL/UART/UART.o
 .text.UART_Enable_DataReg_Empty_Interrupt
                0x00000000        0x8 MCAL/UART/UART.o
 .text.UART_Disable_DataReg_Empty_Interrupt
                0x00000000        0x8 MCAL/UART/UART.o
 .text.UART_Send_Number_Polling_32
                0x00000000       0x74 MCAL/UART/UART.o
 .text.UART_Recieve_Number_Polling_32
                0x00000000        0x8 MCAL/UART/UART.o
 .text          0x00000000        0x0 c:/program files (x86)/atmel/studio/7.0/toolchain/avr8/avr8-gnu-toolchain/bin/../lib/gcc/avr/5.4.0/avr5\libgcc.a(_exit.o)
 .data          0x00000000        0x0 c:/program files (x86)/atmel/studio/7.0/toolchain/avr8/avr8-gnu-toolchain/bin/../lib/gcc/avr/5.4.0/avr5\libgcc.a(_exit.o)
 .bss           0x00000000        0x0 c:/program files (x86)/atmel/studio/7.0/toolchain/avr8/avr8-gnu-toolchain/bin/../lib/gcc/avr/5.4.0/avr5\libgcc.a(_exit.o)
 .text.libgcc.mul
                0x00000000        0x0 c:/program files (x86)/atmel/studio/7.0/toolchain/avr8/avr8-gnu-toolchain/bin/../lib/gcc/avr/5.4.0/avr5\libgcc.a(_exit.o)
 .text.libgcc.div
                0x00000000        0x0 c:/program files (x86)/atmel/studio/7.0/toolchain/avr8/avr8-gnu-toolchain/bin/../lib/gcc/avr/5.4.0/avr5\libgcc.a(_exit.o)
 .text.libgcc   0x00000000        0x0 c:/program files (x86)/atmel/studio/7.0/toolchain/avr8/avr8-gnu-toolchain/bin/../lib/gcc/avr/5.4.0/avr5\libgcc.a(_exit.o)
 .text.libgcc.prologue
                0x00000000        0x0 c:/program files (x86)/atmel/studio/7.0/toolchain/avr8/avr8-gnu-toolchain/bin/../lib/gcc/avr/5.4.0/avr5\libgcc.a(_exit.o)
 .text.libgcc.builtins
                0x00000000        0x0 c:/program files (x86)/atmel/studio/7.0/toolchain/avr8/avr8-gnu-toolchain/bin/../lib/gcc/avr/5.4.0/avr5\libgcc.a(_exit.o)
 .text.libgcc.fmul
                0x00000000        0x0 c:/program files (x86)/atmel/studio/7.0/toolchain/avr8/avr8-gnu-toolchain/bin/../lib/gcc/avr/5.4.0/avr5\libgcc.a(_exit.o)
 .text.libgcc.fixed
                0x00000000        0x0 c:/program files (x86)/atmel/studio/7.0/toolchain/avr8/avr8-gnu-toolchain/bin/../lib/gcc/avr/5.4.0/avr5\libgcc.a(_exit.o)
 .text          0x00000000        0x0 c:/program files (x86)/atmel/studio/7.0/toolchain/avr8/avr8-gnu-toolchain/bin/../lib/gcc/avr/5.4.0/avr5\libgcc.a(_tablejump2.o)
 .data          0x00000000        0x0 c:/program files (x86)/atmel/studio/7.0/toolchain/avr8/avr8-gnu-toolchain/bin/../lib/gcc/avr/5.4.0/avr5\libgcc.a(_tablejump2.o)
 .bss           0x00000000        0x0 c:/program files (x86)/atmel/studio/7.0/toolchain/avr8/avr8-gnu-toolchain/bin/../lib/gcc/avr/5.4.0/avr5\libgcc.a(_tablejump2.o)
 .text.libgcc.mul
                0x00000000        0x0 c:/program files (x86)/atmel/studio/7.0/toolchain/avr8/avr8-gnu-toolchain/bin/../lib/gcc/avr/5.4.0/avr5\libgcc.a(_tablejump2.o)
 .text.libgcc.div
                0x00000000        0x0 c:/program files (x86)/atmel/studio/7.0/toolchain/avr8/avr8-gnu-toolchain/bin/../lib/gcc/avr/5.4.0/avr5\libgcc.a(_tablejump2.o)
 .text.libgcc.prologue
                0x00000000        0x0 c:/program files (x86)/atmel/studio/7.0/toolchain/avr8/avr8-gnu-toolchain/bin/../lib/gcc/avr/5.4.0/avr5\libgcc.a(_tablejump2.o)
 .text.libgcc.builtins
                0x00000000        0x0 c:/program files (x86)/atmel/studio/7.0/toolchain/avr8/avr8-gnu-toolchain/bin/../lib/gcc/avr/5.4.0/avr5\libgcc.a(_tablejump2.o)
 .text.libgcc.fmul
                0x00000000        0x0 c:/program files (x86)/atmel/studio/7.0/toolchain/avr8/avr8-gnu-toolchain/bin/../lib/gcc/avr/5.4.0/avr5\libgcc.a(_tablejump2.o)
 .text.libgcc.fixed
                0x00000000        0x0 c:/program files (x86)/atmel/studio/7.0/toolchain/avr8/avr8-gnu-toolchain/bin/../lib/gcc/avr/5.4.0/avr5\libgcc.a(_tablejump2.o)
 .text          0x00000000        0x0 c:/program files (x86)/atmel/studio/7.0/toolchain/avr8/avr8-gnu-toolchain/bin/../lib/gcc/avr/5.4.0/avr5\libgcc.a(_copy_data.o)
 .data          0x00000000        0x0 c:/program files (x86)/atmel/studio/7.0/toolchain/avr8/avr8-gnu-toolchain/bin/../lib/gcc/avr/5.4.0/avr5\libgcc.a(_copy_data.o)
 .bss           0x00000000        0x0 c:/program files (x86)/atmel/studio/7.0/toolchain/avr8/avr8-gnu-toolchain/bin/../lib/gcc/avr/5.4.0/avr5\libgcc.a(_copy_data.o)
 .text.libgcc.mul
                0x00000000        0x0 c:/program files (x86)/atmel/studio/7.0/toolchain/avr8/avr8-gnu-toolchain/bin/../lib/gcc/avr/5.4.0/avr5\libgcc.a(_copy_data.o)
 .text.libgcc.div
                0x00000000        0x0 c:/program files (x86)/atmel/studio/7.0/toolchain/avr8/avr8-gnu-toolchain/bin/../lib/gcc/avr/5.4.0/avr5\libgcc.a(_copy_data.o)
 .text.libgcc   0x00000000        0x0 c:/program files (x86)/atmel/studio/7.0/toolchain/avr8/avr8-gnu-toolchain/bin/../lib/gcc/avr/5.4.0/avr5\libgcc.a(_copy_data.o)
 .text.libgcc.prologue
                0x00000000        0x0 c:/program files (x86)/atmel/studio/7.0/toolchain/avr8/avr8-gnu-toolchain/bin/../lib/gcc/avr/5.4.0/avr5\libgcc.a(_copy_data.o)
 .text.libgcc.builtins
                0x00000000        0x0 c:/program files (x86)/atmel/studio/7.0/toolchain/avr8/avr8-gnu-toolchain/bin/../lib/gcc/avr/5.4.0/avr5\libgcc.a(_copy_data.o)
 .text.libgcc.fmul
                0x00000000        0x0 c:/program files (x86)/atmel/studio/7.0/toolchain/avr8/avr8-gnu-toolchain/bin/../lib/gcc/avr/5.4.0/avr5\libgcc.a(_copy_data.o)
 .text.libgcc.fixed
                0x00000000        0x0 c:/program files (x86)/atmel/studio/7.0/toolchain/avr8/avr8-gnu-toolchain/bin/../lib/gcc/avr/5.4.0/avr5\libgcc.a(_copy_data.o)
 .text          0x00000000        0x0 c:/program files (x86)/atmel/studio/7.0/toolchain/avr8/avr8-gnu-toolchain/bin/../lib/gcc/avr/5.4.0/avr5\libgcc.a(_clear_bss.o)
 .data          0x00000000        0x0 c:/program files (x86)/atmel/studio/7.0/toolchain/avr8/avr8-gnu-toolchain/bin/../lib/gcc/avr/5.4.0/avr5\libgcc.a(_clear_bss.o)
 .bss           0x00000000        0x0 c:/program files (x86)/atmel/studio/7.0/toolchain/avr8/avr8-gnu-toolchain/bin/../lib/gcc/avr/5.4.0/avr5\libgcc.a(_clear_bss.o)
 .text.libgcc.mul
                0x00000000        0x0 c:/program files (x86)/atmel/studio/7.0/toolchain/avr8/avr8-gnu-toolchain/bin/../lib/gcc/avr/5.4.0/avr5\libgcc.a(_clear_bss.o)
 .text.libgcc.div
                0x00000000        0x0 c:/program files (x86)/atmel/studio/7.0/toolchain/avr8/avr8-gnu-toolchain/bin/../lib/gcc/avr/5.4.0/avr5\libgcc.a(_clear_bss.o)
 .text.libgcc   0x00000000        0x0 c:/program files (x86)/atmel/studio/7.0/toolchain/avr8/avr8-gnu-toolchain/bin/../lib/gcc/avr/5.4.0/avr5\libgcc.a(_clear_bss.o)
 .text.libgcc.prologue
                0x00000000        0x0 c:/program files (x86)/atmel/studio/7.0/toolchain/avr8/avr8-gnu-toolchain/bin/../lib/gcc/avr/5.4.0/avr5\libgcc.a(_clear_bss.o)
 .text.libgcc.builtins
                0x00000000        0x0 c:/program files (x86)/atmel/studio/7.0/toolchain/avr8/avr8-gnu-toolchain/bin/../lib/gcc/avr/5.4.0/avr5\libgcc.a(_clear_bss.o)
 .text.libgcc.fmul
                0x00000000        0x0 c:/program files (x86)/atmel/studio/7.0/toolchain/avr8/avr8-gnu-toolchain/bin/../lib/gcc/avr/5.4.0/avr5\libgcc.a(_clear_bss.o)
 .text.libgcc.fixed
                0x00000000        0x0 c:/program files (x86)/atmel/studio/7.0/toolchain/avr8/avr8-gnu-toolchain/bin/../lib/gcc/avr/5.4.0/avr5\libgcc.a(_clear_bss.o)
 .text          0x00000000        0x0 c:/program files (x86)/atmel/studio/7.0/toolchain/avr8/avr8-gnu-toolchain/bin/../lib/gcc/avr/5.4.0/../../../../avr/lib/avr5\libc.a(atoi.o)
 .data          0x00000000        0x0 c:/program files (x86)/atmel/studio/7.0/toolchain/avr8/avr8-gnu-toolchain/bin/../lib/gcc/avr/5.4.0/../../../../avr/lib/avr5\libc.a(atoi.o)
 .bss           0x00000000        0x0 c:/program files (x86)/atmel/studio/7.0/toolchain/avr8/avr8-gnu-toolchain/bin/../lib/gcc/avr/5.4.0/../../../../avr/lib/avr5\libc.a(atoi.o)
 .text          0x00000000        0x0 c:/program files (x86)/atmel/studio/7.0/toolchain/avr8/avr8-gnu-toolchain/bin/../lib/gcc/avr/5.4.0/../../../../avr/lib/avr5\libc.a(strcmp.o)
 .data          0x00000000        0x0 c:/program files (x86)/atmel/studio/7.0/toolchain/avr8/avr8-gnu-toolchain/bin/../lib/gcc/avr/5.4.0/../../../../avr/lib/avr5\libc.a(strcmp.o)
 .bss           0x00000000        0x0 c:/program files (x86)/atmel/studio/7.0/toolchain/avr8/avr8-gnu-toolchain/bin/../lib/gcc/avr/5.4.0/../../../../avr/lib/avr5\libc.a(strcmp.o)
 .text          0x00000000        0x0 c:/program files (x86)/atmel/studio/7.0/toolchain/avr8/avr8-gnu-toolchain/bin/../lib/gcc/avr/5.4.0/../../../../avr/lib/avr5\libc.a(strcpy.o)
 .data          0x00000000        0x0 c:/program files (x86)/atmel/studio/7.0/toolchain/avr8/avr8-gnu-toolchain/bin/../lib/gcc/avr/5.4.0/../../../../avr/lib/avr5\libc.a(strcpy.o)
 .bss           0x00000000        0x0 c:/program files (x86)/atmel/studio/7.0/toolchain/avr8/avr8-gnu-toolchain/bin/../lib/gcc/avr/5.4.0/../../../../avr/lib/avr5\libc.a(strcpy.o)
 .text          0x00000000        0x0 c:/program files (x86)/atmel/studio/7.0/toolchain/avr8/avr8-gnu-toolchain/bin/../lib/gcc/avr/5.4.0/../../../../avr/lib/avr5\libc.a(itoa_ncheck.o)
 .data          0x00000000        0x0 c:/program files (x86)/atmel/studio/7.0/toolchain/avr8/avr8-gnu-toolchain/bin/../lib/gcc/avr/5.4.0/../../../../avr/lib/avr5\libc.a(itoa_ncheck.o)
 .bss           0x00000000        0x0 c:/program files (x86)/atmel/studio/7.0/toolchain/avr8/avr8-gnu-toolchain/bin/../lib/gcc/avr/5.4.0/../../../../avr/lib/avr5\libc.a(itoa_ncheck.o)
 .text          0x00000000        0x0 c:/program files (x86)/atmel/studio/7.0/toolchain/avr8/avr8-gnu-toolchain/bin/../lib/gcc/avr/5.4.0/../../../../avr/lib/avr5\libc.a(mul10.o)
 .data          0x00000000        0x0 c:/program files (x86)/atmel/studio/7.0/toolchain/avr8/avr8-gnu-toolchain/bin/../lib/gcc/avr/5.4.0/../../../../avr/lib/avr5\libc.a(mul10.o)
 .bss           0x00000000        0x0 c:/program files (x86)/atmel/studio/7.0/toolchain/avr8/avr8-gnu-toolchain/bin/../lib/gcc/avr/5.4.0/../../../../avr/lib/avr5\libc.a(mul10.o)
 .text          0x00000000        0x0 c:/program files (x86)/atmel/studio/7.0/toolchain/avr8/avr8-gnu-toolchain/bin/../lib/gcc/avr/5.4.0/../../../../avr/lib/avr5\libc.a(utoa_ncheck.o)
 .data          0x00000000        0x0 c:/program files (x86)/atmel/studio/7.0/toolchain/avr8/avr8-gnu-toolchain/bin/../lib/gcc/avr/5.4.0/../../../../avr/lib/avr5\libc.a(utoa_ncheck.o)
 .bss           0x00000000        0x0 c:/program files (x86)/atmel/studio/7.0/toolchain/avr8/avr8-gnu-toolchain/bin/../lib/gcc/avr/5.4.0/../../../../avr/lib/avr5\libc.a(utoa_ncheck.o)
 .text          0x00000000        0x0 c:/program files (x86)/atmel/studio/7.0/toolchain/avr8/avr8-gnu-toolchain/bin/../lib/gcc/avr/5.4.0/../../../../avr/lib/avr5\libc.a(sprintf.o)
 .data          0x00000000        0x0 c:/program files (x86)/atmel/studio/7.0/toolchain/avr8/avr8-gnu-toolchain/bin/../lib/gcc/avr/5.4.0/../../../../avr/lib/avr5\libc.a(sprintf.o)
 .bss           0x00000000        0x0 c:/program files (x86)/atmel/studio/7.0/toolchain/avr8/avr8-gnu-toolchain/bin/../lib/gcc/avr/5.4.0/../../../../avr/lib/avr5\libc.a(sprintf.o)
 .text.avr-libc
                0x00000000       0x44 c:/program files (x86)/atmel/studio/7.0/toolchain/avr8/avr8-gnu-toolchain/bin/../lib/gcc/avr/5.4.0/../../../../avr/lib/avr5\libc.a(sprintf.o)
 .comment       0x00000000       0x31 c:/program files (x86)/atmel/studio/7.0/toolchain/avr8/avr8-gnu-toolchain/bin/../lib/gcc/avr/5.4.0/../../../../avr/lib/avr5\libc.a(sprintf.o)
 .text          0x00000000        0x0 c:/program files (x86)/atmel/studio/7.0/toolchain/avr8/avr8-gnu-toolchain/bin/../lib/gcc/avr/5.4.0/../../../../avr/lib/avr5\libc.a(vfprintf_std.o)
 .data          0x00000000        0x0 c:/program files (x86)/atmel/studio/7.0/toolchain/avr8/avr8-gnu-toolchain/bin/../lib/gcc/avr/5.4.0/../../../../avr/lib/avr5\libc.a(vfprintf_std.o)
 .bss           0x00000000        0x0 c:/program files (x86)/atmel/studio/7.0/toolchain/avr8/avr8-gnu-toolchain/bin/../lib/gcc/avr/5.4.0/../../../../avr/lib/avr5\libc.a(vfprintf_std.o)
 .text.avr-libc
                0x00000000      0x3c2 c:/program files (x86)/atmel/studio/7.0/toolchain/avr8/avr8-gnu-toolchain/bin/../lib/gcc/avr/5.4.0/../../../../avr/lib/avr5\libc.a(vfprintf_std.o)
 .comment       0x00000000       0x2d c:/program files (x86)/atmel/studio/7.0/toolchain/avr8/avr8-gnu-toolchain/bin/../lib/gcc/avr/5.4.0/../../../../avr/lib/avr5\libc.a(vfprintf_std.o)
 .text          0x00000000        0x0 c:/program files (x86)/atmel/studio/7.0/toolchain/avr8/avr8-gnu-toolchain/bin/../lib/gcc/avr/5.4.0/../../../../avr/lib/avr5\libc.a(strnlen_P.o)
 .data          0x00000000        0x0 c:/program files (x86)/atmel/studio/7.0/toolchain/avr8/avr8-gnu-toolchain/bin/../lib/gcc/avr/5.4.0/../../../../avr/lib/avr5\libc.a(strnlen_P.o)
 .bss           0x00000000        0x0 c:/program files (x86)/atmel/studio/7.0/toolchain/avr8/avr8-gnu-toolchain/bin/../lib/gcc/avr/5.4.0/../../../../avr/lib/avr5\libc.a(strnlen_P.o)
 .text.avr-libc
                0x00000000       0x16 c:/program files (x86)/atmel/studio/7.0/toolchain/avr8/avr8-gnu-toolchain/bin/../lib/gcc/avr/5.4.0/../../../../avr/lib/avr5\libc.a(strnlen_P.o)
 .text          0x00000000        0x0 c:/program files (x86)/atmel/studio/7.0/toolchain/avr8/avr8-gnu-toolchain/bin/../lib/gcc/avr/5.4.0/../../../../avr/lib/avr5\libc.a(strnlen.o)
 .data          0x00000000        0x0 c:/program files (x86)/atmel/studio/7.0/toolchain/avr8/avr8-gnu-toolchain/bin/../lib/gcc/avr/5.4.0/../../../../avr/lib/avr5\libc.a(strnlen.o)
 .bss           0x00000000        0x0 c:/program files (x86)/atmel/studio/7.0/toolchain/avr8/avr8-gnu-toolchain/bin/../lib/gcc/avr/5.4.0/../../../../avr/lib/avr5\libc.a(strnlen.o)
 .text.avr-libc
                0x00000000       0x16 c:/program files (x86)/atmel/studio/7.0/toolchain/avr8/avr8-gnu-toolchain/bin/../lib/gcc/avr/5.4.0/../../../../avr/lib/avr5\libc.a(strnlen.o)
 .text          0x00000000        0x0 c:/program files (x86)/atmel/studio/7.0/toolchain/avr8/avr8-gnu-toolchain/bin/../lib/gcc/avr/5.4.0/../../../../avr/lib/avr5\libc.a(strrev.o)
 .data          0x00000000        0x0 c:/program files (x86)/atmel/studio/7.0/toolchain/avr8/avr8-gnu-toolchain/bin/../lib/gcc/avr/5.4.0/../../../../avr/lib/avr5\libc.a(strrev.o)
 .bss           0x00000000        0x0 c:/program files (x86)/atmel/studio/7.0/toolchain/avr8/avr8-gnu-toolchain/bin/../lib/gcc/avr/5.4.0/../../../../avr/lib/avr5\libc.a(strrev.o)
 .text          0x00000000        0x0 c:/program files (x86)/atmel/studio/7.0/toolchain/avr8/avr8-gnu-toolchain/bin/../lib/gcc/avr/5.4.0/../../../../avr/lib/avr5\libc.a(fputc.o)
 .data          0x00000000        0x0 c:/program files (x86)/atmel/studio/7.0/toolchain/avr8/avr8-gnu-toolchain/bin/../lib/gcc/avr/5.4.0/../../../../avr/lib/avr5\libc.a(fputc.o)
 .bss           0x00000000        0x0 c:/program files (x86)/atmel/studio/7.0/toolchain/avr8/avr8-gnu-toolchain/bin/../lib/gcc/avr/5.4.0/../../../../avr/lib/avr5\libc.a(fputc.o)
 .text.avr-libc
                0x00000000       0x78 c:/program files (x86)/atmel/studio/7.0/toolchain/avr8/avr8-gnu-toolchain/bin/../lib/gcc/avr/5.4.0/../../../../avr/lib/avr5\libc.a(fputc.o)
 .comment       0x00000000       0x31 c:/program files (x86)/atmel/studio/7.0/toolchain/avr8/avr8-gnu-toolchain/bin/../lib/gcc/avr/5.4.0/../../../../avr/lib/avr5\libc.a(fputc.o)
 .text          0x00000000        0x0 c:/program files (x86)/atmel/studio/7.0/toolchain/avr8/avr8-gnu-toolchain/bin/../lib/gcc/avr/5.4.0/../../../../avr/lib/avr5\libc.a(ultoa_invert.o)
 .data          0x00000000        0x0 c:/program files (x86)/atmel/studio/7.0/toolchain/avr8/avr8-gnu-toolchain/bin/../lib/gcc/avr/5.4.0/../../../../avr/lib/avr5\libc.a(ultoa_invert.o)
 .bss           0x00000000        0x0 c:/program files (x86)/atmel/studio/7.0/toolchain/avr8/avr8-gnu-toolchain/bin/../lib/gcc/avr/5.4.0/../../../../avr/lib/avr5\libc.a(ultoa_invert.o)
 .text.avr-libc
                0x00000000       0xbc c:/program files (x86)/atmel/studio/7.0/toolchain/avr8/avr8-gnu-toolchain/bin/../lib/gcc/avr/5.4.0/../../../../avr/lib/avr5\libc.a(ultoa_invert.o)
 .text          0x00000000        0x0 c:/program files (x86)/atmel/studio/7.0/toolchain/avr8/avr8-gnu-toolchain/bin/../lib/gcc/avr/5.4.0/avr5\libgcc.a(_prologue.o)
 .data          0x00000000        0x0 c:/program files (x86)/atmel/studio/7.0/toolchain/avr8/avr8-gnu-toolchain/bin/../lib/gcc/avr/5.4.0/avr5\libgcc.a(_prologue.o)
 .bss           0x00000000        0x0 c:/program files (x86)/atmel/studio/7.0/toolchain/avr8/avr8-gnu-toolchain/bin/../lib/gcc/avr/5.4.0/avr5\libgcc.a(_prologue.o)
 .text.libgcc.mul
                0x00000000        0x0 c:/program files (x86)/atmel/studio/7.0/toolchain/avr8/avr8-gnu-toolchain/bin/../lib/gcc/avr/5.4.0/avr5\libgcc.a(_prologue.o)
 .text.libgcc.div
                0x00000000        0x0 c:/program files (x86)/atmel/studio/7.0/toolchain/avr8/avr8-gnu-toolchain/bin/../lib/gcc/avr/5.4.0/avr5\libgcc.a(_prologue.o)
 .text.libgcc   0x00000000        0x0 c:/program files (x86)/atmel/studio/7.0/toolchain/avr8/avr8-gnu-toolchain/bin/../lib/gcc/avr/5.4.0/avr5\libgcc.a(_prologue.o)
 .text.libgcc.prologue
                0x00000000       0x38 c:/program files (x86)/atmel/studio/7.0/toolchain/avr8/avr8-gnu-toolchain/bin/../lib/gcc/avr/5.4.0/avr5\libgcc.a(_prologue.o)
 .text.libgcc.builtins
                0x00000000        0x0 c:/program files (x86)/atmel/studio/7.0/toolchain/avr8/avr8-gnu-toolchain/bin/../lib/gcc/avr/5.4.0/avr5\libgcc.a(_prologue.o)
 .text.libgcc.fmul
                0x00000000        0x0 c:/program files (x86)/atmel/studio/7.0/toolchain/avr8/avr8-gnu-toolchain/bin/../lib/gcc/avr/5.4.0/avr5\libgcc.a(_prologue.o)
 .text.libgcc.fixed
                0x00000000        0x0 c:/program files (x86)/atmel/studio/7.0/toolchain/avr8/avr8-gnu-toolchain/bin/../lib/gcc/avr/5.4.0/avr5\libgcc.a(_prologue.o)
 .text          0x00000000        0x0 c:/program files (x86)/atmel/studio/7.0/toolchain/avr8/avr8-gnu-toolchain/bin/../lib/gcc/avr/5.4.0/avr5\libgcc.a(_epilogue.o)
 .data          0x00000000        0x0 c:/program files (x86)/atmel/studio/7.0/toolchain/avr8/avr8-gnu-toolchain/bin/../lib/gcc/avr/5.4.0/avr5\libgcc.a(_epilogue.o)
 .bss           0x00000000        0x0 c:/program files (x86)/atmel/studio/7.0/toolchain/avr8/avr8-gnu-toolchain/bin/../lib/gcc/avr/5.4.0/avr5\libgcc.a(_epilogue.o)
 .text.libgcc.mul
                0x00000000        0x0 c:/program files (x86)/atmel/studio/7.0/toolchain/avr8/avr8-gnu-toolchain/bin/../lib/gcc/avr/5.4.0/avr5\libgcc.a(_epilogue.o)
 .text.libgcc.div
                0x00000000        0x0 c:/program files (x86)/atmel/studio/7.0/toolchain/avr8/avr8-gnu-toolchain/bin/../lib/gcc/avr/5.4.0/avr5\libgcc.a(_epilogue.o)
 .text.libgcc   0x00000000        0x0 c:/program files (x86)/atmel/studio/7.0/toolchain/avr8/avr8-gnu-toolchain/bin/../lib/gcc/avr/5.4.0/avr5\libgcc.a(_epilogue.o)
 .text.libgcc.prologue
                0x00000000       0x36 c:/program files (x86)/atmel/studio/7.0/toolchain/avr8/avr8-gnu-toolchain/bin/../lib/gcc/avr/5.4.0/avr5\libgcc.a(_epilogue.o)
 .text.libgcc.builtins
                0x00000000        0x0 c:/program files (x86)/atmel/studio/7.0/toolchain/avr8/avr8-gnu-toolchain/bin/../lib/gcc/avr/5.4.0/avr5\libgcc.a(_epilogue.o)
 .text.libgcc.fmul
                0x00000000        0x0 c:/program files (x86)/atmel/studio/7.0/toolchain/avr8/avr8-gnu-toolchain/bin/../lib/gcc/avr/5.4.0/avr5\libgcc.a(_epilogue.o)
 .text.libgcc.fixed
                0x00000000        0x0 c:/program files (x86)/atmel/studio/7.0/toolchain/avr8/avr8-gnu-toolchain/bin/../lib/gcc/avr/5.4.0/avr5\libgcc.a(_epilogue.o)

Memory Configuration

Name             Origin             Length             Attributes
text             0x00000000         0x00008000         xr
data             0x00800060         0x00000800         rw !x
eeprom           0x00810000         0x00000400         rw !x
fuse             0x00820000         0x00000002         rw !x
lock             0x00830000         0x00000400         rw !x
signature        0x00840000         0x00000400         rw !x
user_signatures  0x00850000         0x00000400         rw !x
*default*        0x00000000         0xffffffff

Linker script and memory map

LOAD C:/Program Files (x86)/Atmel/Studio/7.0/Packs/atmel/ATmega_DFP/1.7.374/gcc/dev/atmega32a/avr5/crtatmega32a.o
LOAD Application/SmartHome_Core.o
LOAD HAL/AirConditioner/AC.o
LOAD HAL/Bluetooth/Bluetooth.o
LOAD HAL/Buzzer/Buzzer.o
LOAD HAL/Dimming_Light/Dimmer.o
LOAD HAL/Door_Servo/Door_Servo.o
LOAD HAL/EEPROM/EEPROM.o
LOAD HAL/Keypad_4x4/Keypad_4x4.o
LOAD HAL/LCD_16x2/LCD.o
LOAD HAL/Leds_5/Leds.o
LOAD HAL/Temperature_Sensor/Temp_Sensor.o
LOAD main.o
LOAD MCAL/Analog_To_Digital_Converter/ADC.o
LOAD MCAL/Digital_Input_Output/DIO.o
LOAD MCAL/Interrupt/Interrupt.o
LOAD MCAL/Timers/Timers.o
LOAD MCAL/TWI_I2C/TWI_I2C.o
LOAD MCAL/UART/UART.o
START GROUP
LOAD c:/program files (x86)/atmel/studio/7.0/toolchain/avr8/avr8-gnu-toolchain/bin/../lib/gcc/avr/5.4.0/../../../../avr/lib/avr5\libm.a
END GROUP
START GROUP
LOAD c:/program files (x86)/atmel/studio/7.0/toolchain/avr8/avr8-gnu-toolchain/bin/../lib/gcc/avr/5.4.0/avr5\libgcc.a
LOAD c:/program files (x86)/atmel/studio/7.0/toolchain/avr8/avr8-gnu-toolchain/bin/../lib/gcc/avr/5.4.0/../../../../avr/lib/avr5\libm.a
LOAD c:/program files (x86)/atmel/studio/7.0/toolchain/avr8/avr8-gnu-toolchain/bin/../lib/gcc/avr/5.4.0/../../../../avr/lib/avr5\libc.a
LOAD C:/Program Files (x86)/Atmel/Studio/7.0/Packs/atmel/ATmega_DFP/1.7.374/gcc/dev/atmega32a/avr5\libatmega32a.a
END GROUP
                [0x00000000]                __TEXT_REGION_ORIGIN__ = DEFINED (__TEXT_REGION_ORIGIN__)?__TEXT_REGION_ORIGIN__:0x0
                [0x00800060]                __DATA_REGION_ORIGIN__ = DEFINED (__DATA_REGION_ORIGIN__)?__DATA_REGION_ORIGIN__:0x800060
                [0x00008000]                __TEXT_REGION_LENGTH__ = DEFINED (__TEXT_REGION_LENGTH__)?__TEXT_REGION_LENGTH__:0x20000
                [0x00000800]                __DATA_REGION_LENGTH__ = DEFINED (__DATA_REGION_LENGTH__)?__DATA_REGION_LENGTH__:0xffa0
                [0x00000400]                __EEPROM_REGION_LENGTH__ = DEFINED (__EEPROM_REGION_LENGTH__)?__EEPROM_REGION_LENGTH__:0x10000
                [0x00000002]                __FUSE_REGION_LENGTH__ = DEFINED (__FUSE_REGION_LENGTH__)?__FUSE_REGION_LENGTH__:0x400
                0x00000400                __LOCK_REGION_LENGTH__ = DEFINED (__LOCK_REGION_LENGTH__)?__LOCK_REGION_LENGTH__:0x400
                0x00000400                __SIGNATURE_REGION_LENGTH__ = DEFINED (__SIGNATURE_REGION_LENGTH__)?__SIGNATURE_REGION_LENGTH__:0x400
                0x00000400                __USER_SIGNATURE_REGION_LENGTH__ = DEFINED (__USER_SIGNATURE_REGION_LENGTH__)?__USER_SIGNATURE_REGION_LENGTH__:0x400

.hash
 *(.hash)

.dynsym
 *(.dynsym)

.dynstr
 *(.dynstr)

.gnu.version
 *(.gnu.version)

.gnu.version_d
 *(.gnu.version_d)

.gnu.version_r
 *(.gnu.version_r)

.rel.init
 *(.rel.init)

.rela.init
 *(.rela.init)

.rel.text
 *(.rel.text)
 *(.rel.text.*)
 *(.rel.gnu.linkonce.t*)

.rela.text
 *(.rela.text)
 *(.rela.text.*)
 *(.rela.gnu.linkonce.t*)

.rel.fini
 *(.rel.fini)

.rela.fini
 *(.rela.fini)

.rel.rodata
 *(.rel.rodata)
 *(.rel.rodata.*)
 *(.rel.gnu.linkonce.r*)

.rela.rodata
 *(.rela.rodata)
 *(.rela.rodata.*)
 *(.rela.gnu.linkonce.r*)

.rel.data
 *(.rel.data)
 *(.rel.data.*)
 *(.rel.gnu.linkonce.d*)

.rela.data
 *(.rela.data)
 *(.rela.data.*)
 *(.rela.gnu.linkonce.d*)

.rel.ctors
 *(.rel.ctors)

.rela.ctors
 *(.rela.ctors)

.rel.dtors
 *(.rel.dtors)

.rela.dtors
 *(.rela.dtors)

.rel.got
 *(.rel.got)

.rela.got
 *(.rela.got)

.rel.bss
 *(.rel.bss)

.rela.bss
 *(.rela.bss)

.rel.plt
 *(.rel.plt)

.rela.plt
 *(.rela.plt)

.text           0x00000000     0x1dde
 *(.vectors)
 .vectors       0x00000000       0x54 C:/Program Files (x86)/Atmel/Studio/7.0/Packs/atmel/ATmega_DFP/1.7.374/gcc/dev/atmega32a/avr5/crtatmega32a.o
                0x00000000                __vector_default
                0x00000000                __vectors
 *(.vectors)
 *(.progmem.gcc*)
 .progmem.gcc_sw_table.LCD_Show
                0x00000054       0x16 Application/SmartHome_Core.o
 .progmem.gcc_sw_table.LCD_Process
                0x0000006a       0x16 Application/SmartHome_Core.o
 .progmem.gcc_sw_table.UART_Choice_Handler_1
                0x00000080       0x10 MCAL/UART/UART.o
                0x00000090                . = ALIGN (0x2)
                0x00000090                __trampolines_start = .
 *(.trampolines)
 .trampolines   0x00000090        0x0 linker stubs
 *(.trampolines*)
                0x00000090                __trampolines_end = .
 *libprintf_flt.a:*(.progmem.data)
 *libc.a:*(.progmem.data)
 *(.progmem*)
                0x00000090                . = ALIGN (0x2)
 *(.jumptables)
 *(.jumptables*)
 *(.lowtext)
 *(.lowtext*)
                0x00000090                __ctors_start = .
 *(.ctors)
                0x00000090                __ctors_end = .
                0x00000090                __dtors_start = .
 *(.dtors)
                0x00000090                __dtors_end = .
 SORT(*)(.ctors)
 SORT(*)(.dtors)
 *(.init0)
 .init0         0x00000090        0x0 C:/Program Files (x86)/Atmel/Studio/7.0/Packs/atmel/ATmega_DFP/1.7.374/gcc/dev/atmega32a/avr5/crtatmega32a.o
                0x00000090                __init
 *(.init0)
 *(.init1)
 *(.init1)
 *(.init2)
 .init2         0x00000090        0xc C:/Program Files (x86)/Atmel/Studio/7.0/Packs/atmel/ATmega_DFP/1.7.374/gcc/dev/atmega32a/avr5/crtatmega32a.o
 *(.init2)
 *(.init3)
 *(.init3)
 *(.init4)
 .init4         0x0000009c       0x16 c:/program files (x86)/atmel/studio/7.0/toolchain/avr8/avr8-gnu-toolchain/bin/../lib/gcc/avr/5.4.0/avr5\libgcc.a(_copy_data.o)
                0x0000009c                __do_copy_data
 .init4         0x000000b2       0x10 c:/program files (x86)/atmel/studio/7.0/toolchain/avr8/avr8-gnu-toolchain/bin/../lib/gcc/avr/5.4.0/avr5\libgcc.a(_clear_bss.o)
                0x000000b2                __do_clear_bss
 *(.init4)
 *(.init5)
 *(.init5)
 *(.init6)
 *(.init6)
 *(.init7)
 *(.init7)
 *(.init8)
 *(.init8)
 *(.init9)
 .init9         0x000000c2        0x8 C:/Program Files (x86)/Atmel/Studio/7.0/Packs/atmel/ATmega_DFP/1.7.374/gcc/dev/atmega32a/avr5/crtatmega32a.o
 *(.init9)
 *(.text)
 .text          0x000000ca        0x4 C:/Program Files (x86)/Atmel/Studio/7.0/Packs/atmel/ATmega_DFP/1.7.374/gcc/dev/atmega32a/avr5/crtatmega32a.o
                0x000000ca                __vector_1
                0x000000ca                __vector_12
                0x000000ca                __bad_interrupt
                0x000000ca                __vector_6
                0x000000ca                __vector_3
                0x000000ca                __vector_17
                0x000000ca                __vector_19
                0x000000ca                __vector_5
                0x000000ca                __vector_4
                0x000000ca                __vector_9
                0x000000ca                __vector_2
                0x000000ca                __vector_15
                0x000000ca                __vector_8
                0x000000ca                __vector_14
                0x000000ca                __vector_10
                0x000000ca                __vector_16
                0x000000ca                __vector_18
                0x000000ca                __vector_20
                0x000000ce                . = ALIGN (0x2)
 *(.text.*)
 .text.__vector_13
                0x000000ce       0x52 Application/SmartHome_Core.o
                0x000000ce                __vector_13
 .text.__vector_7
                0x00000120       0xb6 Application/SmartHome_Core.o
                0x00000120                __vector_7
 .text.Smart_Initialization
                0x000001d6       0x42 Application/SmartHome_Core.o
                0x000001d6                Smart_Initialization
 .text.ADC_Temperature_Update
                0x00000218       0x26 Application/SmartHome_Core.o
                0x00000218                ADC_Temperature_Update
 .text.UART_Process
                0x0000023e      0x2a0 Application/SmartHome_Core.o
                0x0000023e                UART_Process
 .text.LCD_Show
                0x000004de       0xc0 Application/SmartHome_Core.o
                0x000004de                LCD_Show
 .text.LCD_MEM_Clear
                0x0000059e       0x3c Application/SmartHome_Core.o
                0x0000059e                LCD_MEM_Clear
 .text.LCD_Process
                0x000005da      0x328 Application/SmartHome_Core.o
                0x000005da                LCD_Process
 .text.LCD_Idle
                0x00000902       0x9c Application/SmartHome_Core.o
                0x00000902                LCD_Idle
 .text.AC_Auto_Idle
                0x0000099e       0x2c Application/SmartHome_Core.o
                0x0000099e                AC_Auto_Idle
 .text.Smart_Idle
                0x000009ca       0x16 Application/SmartHome_Core.o
                0x000009ca                Smart_Idle
 .text.AC_Initialization
                0x000009e0        0xc HAL/AirConditioner/AC.o
                0x000009e0                AC_Initialization
 .text.AC_On    0x000009ec       0x12 HAL/AirConditioner/AC.o
                0x000009ec                AC_On
 .text.AC_Off   0x000009fe       0x10 HAL/AirConditioner/AC.o
                0x000009fe                AC_Off
 .text.AC_Feedback
                0x00000a0e       0x4c HAL/AirConditioner/AC.o
                0x00000a0e                AC_Feedback
 .text.BUZZER_On
                0x00000a5a        0xc HAL/Buzzer/Buzzer.o
                0x00000a5a                BUZZER_On
 .text.BUZZER_ALARM_TILL_RESET
                0x00000a66        0xa HAL/Buzzer/Buzzer.o
                0x00000a66                BUZZER_ALARM_TILL_RESET
 .text.__vector_11
                0x00000a70       0x7c HAL/Dimming_Light/Dimmer.o
                0x00000a70                __vector_11
 .text.Dimmer_Init
                0x00000aec       0x14 HAL/Dimming_Light/Dimmer.o
                0x00000aec                Dimmer_Init
 .text.Dimmer_Increase
                0x00000b00       0x10 HAL/Dimming_Light/Dimmer.o
                0x00000b00                Dimmer_Increase
 .text.Dimmer_Decrease
                0x00000b10       0x10 HAL/Dimming_Light/Dimmer.o
                0x00000b10                Dimmer_Decrease
 .text.Dimmer_FeedBack
                0x00000b20       0x56 HAL/Dimming_Light/Dimmer.o
                0x00000b20                Dimmer_FeedBack
 .text.Door_Feedback
                0x00000b76       0x26 HAL/Door_Servo/Door_Servo.o
                0x00000b76                Door_Feedback
 .text.Servo_Init
                0x00000b9c       0x2e HAL/Door_Servo/Door_Servo.o
                0x00000b9c                Servo_Init
 .text.EEPROM_Init
                0x00000bca        0x6 HAL/EEPROM/EEPROM.o
                0x00000bca                EEPROM_Init
 .text.EEPROM_Read_Byte
                0x00000bd0       0xb6 HAL/EEPROM/EEPROM.o
                0x00000bd0                EEPROM_Read_Byte
 .text.EEPROM_Write_Byte
                0x00000c86       0x84 HAL/EEPROM/EEPROM.o
                0x00000c86                EEPROM_Write_Byte
 .text.EEPROM_Write_String
                0x00000d0a       0x42 HAL/EEPROM/EEPROM.o
                0x00000d0a                EEPROM_Write_String
 .text.EEPROM_Read_String
                0x00000d4c       0x52 HAL/EEPROM/EEPROM.o
                0x00000d4c                EEPROM_Read_String
 .text.EEPROM_Read_8Data
                0x00000d9e       0x2e HAL/EEPROM/EEPROM.o
                0x00000d9e                EEPROM_Read_8Data
 .text.EEPROM_Read_UserID_Exist
                0x00000dcc       0x1a HAL/EEPROM/EEPROM.o
                0x00000dcc                EEPROM_Read_UserID_Exist
 .text.EEPROM_Delete_User
                0x00000de6       0x12 HAL/EEPROM/EEPROM.o
                0x00000de6                EEPROM_Delete_User
 .text.EEPROM_Find_Empty_ID
                0x00000df8       0x32 HAL/EEPROM/EEPROM.o
                0x00000df8                EEPROM_Find_Empty_ID
 .text.EEPROM_Reg_New_User
                0x00000e2a       0x44 HAL/EEPROM/EEPROM.o
                0x00000e2a                EEPROM_Reg_New_User
 .text.KEYPAD_Initialization
                0x00000e6e       0xa2 HAL/Keypad_4x4/Keypad_4x4.o
                0x00000e6e                KEYPAD_Initialization
 .text.KEYPAD_Get_Pressed_Key
                0x00000f10      0x264 HAL/Keypad_4x4/Keypad_4x4.o
                0x00000f10                KEYPAD_Get_Pressed_Key
 .text.Send_Data_FallingEdge
                0x00001174       0x2e HAL/LCD_16x2/LCD.o
                0x00001174                Send_Data_FallingEdge
 .text.LCD_Send_Cmd
                0x000011a2       0xac HAL/LCD_16x2/LCD.o
                0x000011a2                LCD_Send_Cmd
 .text.LCD_Init
                0x0000124e       0xca HAL/LCD_16x2/LCD.o
                0x0000124e                LCD_Init
 .text.LCD_Set_Cursor_Position
                0x00001318       0x3a HAL/LCD_16x2/LCD.o
                0x00001318                LCD_Set_Cursor_Position
 .text.LCD_Send_Clear_Screen
                0x00001352        0xc HAL/LCD_16x2/LCD.o
                0x00001352                LCD_Send_Clear_Screen
 .text.LCD_Position_Handler
                0x0000135e       0x8e HAL/LCD_16x2/LCD.o
                0x0000135e                LCD_Position_Handler
 .text.LCD_Send_Char
                0x000013ec       0xbc HAL/LCD_16x2/LCD.o
                0x000013ec                LCD_Send_Char
 .text.LCD_Cursor_Shift
                0x000014a8       0x32 HAL/LCD_16x2/LCD.o
                0x000014a8                LCD_Cursor_Shift
 .text.LCD_Delete_Last_Written
                0x000014da       0x38 HAL/LCD_16x2/LCD.o
                0x000014da                LCD_Delete_Last_Written
 .text.LCD_Send_String
                0x00001512       0x26 HAL/LCD_16x2/LCD.o
                0x00001512                LCD_Send_String
 .text.LED_Init_All
                0x00001538       0x34 HAL/Leds_5/Leds.o
                0x00001538                LED_Init_All
 .text.LED_0_Off
                0x0000156c        0xc HAL/Leds_5/Leds.o
                0x0000156c                LED_0_Off
 .text.LED_1_Off
                0x00001578        0xc HAL/Leds_5/Leds.o
                0x00001578                LED_1_Off
 .text.LED_2_Off
                0x00001584        0xc HAL/Leds_5/Leds.o
                0x00001584                LED_2_Off
 .text.LED_3_Off
                0x00001590        0xc HAL/Leds_5/Leds.o
                0x00001590                LED_3_Off
 .text.LED_4_Off
                0x0000159c        0xc HAL/Leds_5/Leds.o
                0x0000159c                LED_4_Off
 .text.LED_0_Toggle
                0x000015a8        0xc HAL/Leds_5/Leds.o
                0x000015a8                LED_0_Toggle
 .text.LED_1_Toggle
                0x000015b4        0xc HAL/Leds_5/Leds.o
                0x000015b4                LED_1_Toggle
 .text.LED_2_Toggle
                0x000015c0        0xc HAL/Leds_5/Leds.o
                0x000015c0                LED_2_Toggle
 .text.LED_3_Toggle
                0x000015cc        0xc HAL/Leds_5/Leds.o
                0x000015cc                LED_3_Toggle
 .text.LED_4_Toggle
                0x000015d8        0xc HAL/Leds_5/Leds.o
                0x000015d8                LED_4_Toggle
 .text.LED_Feedback
                0x000015e4       0x60 HAL/Leds_5/Leds.o
                0x000015e4                LED_Feedback
 .text.main     0x00001644        0xa main.o
                0x00001644                main
 .text.ADC_Enable
                0x0000164e        0x8 MCAL/Analog_To_Digital_Converter/ADC.o
                0x0000164e                ADC_Enable
 .text.ADC_Disable
                0x00001656        0x8 MCAL/Analog_To_Digital_Converter/ADC.o
                0x00001656                ADC_Disable
 .text.ADC_Start
                0x0000165e        0x8 MCAL/Analog_To_Digital_Converter/ADC.o
                0x0000165e                ADC_Start
 .text.ADC_Wait
                0x00001666        0x6 MCAL/Analog_To_Digital_Converter/ADC.o
                0x00001666                ADC_Wait
 .text.ADC_Init
                0x0000166c       0x26 MCAL/Analog_To_Digital_Converter/ADC.o
                0x0000166c                ADC_Init
 .text.ADC_Convert_8bit
                0x00001692       0x26 MCAL/Analog_To_Digital_Converter/ADC.o
                0x00001692                ADC_Convert_8bit
 .text.DIO_Set_Pin_Direction
                0x000016b8       0xe0 MCAL/Digital_Input_Output/DIO.o
                0x000016b8                DIO_Set_Pin_Direction
 .text.DIO_Set_Pin_Output
                0x00001798      0x14c MCAL/Digital_Input_Output/DIO.o
                0x00001798                DIO_Set_Pin_Output
 .text.DIO_Get_Pin_Value
                0x000018e4       0x5c MCAL/Digital_Input_Output/DIO.o
                0x000018e4                DIO_Get_Pin_Value
 .text.GIE_Enable
                0x00001940        0x8 MCAL/Interrupt/Interrupt.o
                0x00001940                GIE_Enable
 .text.GIE_Disable
                0x00001948        0x8 MCAL/Interrupt/Interrupt.o
                0x00001948                GIE_Disable
 .text.Timer0_Init
                0x00001950       0x2c MCAL/Timers/Timers.o
                0x00001950                Timer0_Init
 .text.Timer0_Enable_Overflow_Interrupt
                0x0000197c        0x8 MCAL/Timers/Timers.o
                0x0000197c                Timer0_Enable_Overflow_Interrupt
 .text.TWI_Init
                0x00001984       0x18 MCAL/TWI_I2C/TWI_I2C.o
                0x00001984                TWI_Init
 .text.TWI_Check_Status
                0x0000199c       0x16 MCAL/TWI_I2C/TWI_I2C.o
                0x0000199c                TWI_Check_Status
 .text.TWI_Send_Stop
                0x000019b2        0x6 MCAL/TWI_I2C/TWI_I2C.o
                0x000019b2                TWI_Send_Stop
 .text.TWI_MSTR_Send_Start
                0x000019b8        0xc MCAL/TWI_I2C/TWI_I2C.o
                0x000019b8                TWI_MSTR_Send_Start
 .text.TWI_Receive_Data
                0x000019c4       0x18 MCAL/TWI_I2C/TWI_I2C.o
                0x000019c4                TWI_Receive_Data
 .text.TWI_Send_Data
                0x000019dc        0xe MCAL/TWI_I2C/TWI_I2C.o
                0x000019dc                TWI_Send_Data
 .text.UART_Enable_RX_Interrupt
                0x000019ea        0x8 MCAL/UART/UART.o
                0x000019ea                UART_Enable_RX_Interrupt
 .text.UART_Init
                0x000019f2       0x4a MCAL/UART/UART.o
                0x000019f2                UART_Init
 .text.UART_Send_Byte_Polling_8
                0x00001a3c        0x8 MCAL/UART/UART.o
                0x00001a3c                UART_Send_Byte_Polling_8
 .text.UART_Send_String_Polling_8
                0x00001a44       0x26 MCAL/UART/UART.o
                0x00001a44                UART_Send_String_Polling_8
 .text.UART_Receive_Byte_8
                0x00001a6a        0x8 MCAL/UART/UART.o
                0x00001a6a                UART_Receive_Byte_8
 .text.UART_Recieve_String_8
                0x00001a72       0x3a MCAL/UART/UART.o
                0x00001a72                UART_Recieve_String_8
 .text.UART_Show_Request_UserID
                0x00001aac        0xa MCAL/UART/UART.o
                0x00001aac                UART_Show_Request_UserID
 .text.UART_Show_Request_Password
                0x00001ab6        0xa MCAL/UART/UART.o
                0x00001ab6                UART_Show_Request_Password
 .text.UART_Show_Invalid
                0x00001ac0        0xa MCAL/UART/UART.o
                0x00001ac0                UART_Show_Invalid
 .text.UART_Show_MainMenu
                0x00001aca       0x42 MCAL/UART/UART.o
                0x00001aca                UART_Show_MainMenu
 .text.UART_Show_Control_Leds
                0x00001b0c       0x32 MCAL/UART/UART.o
                0x00001b0c                UART_Show_Control_Leds
 .text.UART_Show_Control_AC
                0x00001b3e       0x22 MCAL/UART/UART.o
                0x00001b3e                UART_Show_Control_AC
 .text.UART_Show_Control_Door
                0x00001b60       0x1a MCAL/UART/UART.o
                0x00001b60                UART_Show_Control_Door
 .text.UART_Show_Control_Dimmer
                0x00001b7a       0x2a MCAL/UART/UART.o
                0x00001b7a                UART_Show_Control_Dimmer
 .text.UART_AC_Show_Off
                0x00001ba4        0xa MCAL/UART/UART.o
                0x00001ba4                UART_AC_Show_Off
 .text.UART_AC_Show_On
                0x00001bae        0xa MCAL/UART/UART.o
                0x00001bae                UART_AC_Show_On
 .text.UART_AC_Show_Auto
                0x00001bb8        0xa MCAL/UART/UART.o
                0x00001bb8                UART_AC_Show_Auto
 .text.UART_AC_Show_Manual
                0x00001bc2        0xa MCAL/UART/UART.o
                0x00001bc2                UART_AC_Show_Manual
 .text.UART_Dimmer_Show_Up
                0x00001bcc        0xa MCAL/UART/UART.o
                0x00001bcc                UART_Dimmer_Show_Up
 .text.UART_Dimmer_Show_Down
                0x00001bd6        0xa MCAL/UART/UART.o
                0x00001bd6                UART_Dimmer_Show_Down
 .text.UART_Door_Show_Closed
                0x00001be0        0xa MCAL/UART/UART.o
                0x00001be0                UART_Door_Show_Closed
 .text.UART_Door_Show_Open
                0x00001bea        0xa MCAL/UART/UART.o
                0x00001bea                UART_Door_Show_Open
 .text.UART_Show_User_List
                0x00001bf4       0x78 MCAL/UART/UART.o
                0x00001bf4                UART_Show_User_List
 .text.UART_Show_Delete_ID
                0x00001c6c        0xa MCAL/UART/UART.o
                0x00001c6c                UART_Show_Delete_ID
 .text.UART_Show_Request_NewUsername
                0x00001c76        0xa MCAL/UART/UART.o
                0x00001c76                UART_Show_Request_NewUsername
 .text.UART_Show_Request_NewUserPassword
                0x00001c80        0xa MCAL/UART/UART.o
                0x00001c80                UART_Show_Request_NewUserPassword
 .text.UART_Logged_OFF
                0x00001c8a        0xe MCAL/UART/UART.o
                0x00001c8a                UART_Logged_OFF
 .text.UART_Choice_Handler_1
                0x00001c98       0x44 MCAL/UART/UART.o
                0x00001c98                UART_Choice_Handler_1
 .text.UART_Show_Login_Failed
                0x00001cdc       0x1c MCAL/UART/UART.o
                0x00001cdc                UART_Show_Login_Failed
 .text.libgcc   0x00001cf8        0xc c:/program files (x86)/atmel/studio/7.0/toolchain/avr8/avr8-gnu-toolchain/bin/../lib/gcc/avr/5.4.0/avr5\libgcc.a(_tablejump2.o)
                0x00001cf8                __tablejump2__
 .text.avr-libc
                0x00001d04       0x3c c:/program files (x86)/atmel/studio/7.0/toolchain/avr8/avr8-gnu-toolchain/bin/../lib/gcc/avr/5.4.0/../../../../avr/lib/avr5\libc.a(atoi.o)
                0x00001d04                atoi
 .text.avr-libc
                0x00001d40       0x12 c:/program files (x86)/atmel/studio/7.0/toolchain/avr8/avr8-gnu-toolchain/bin/../lib/gcc/avr/5.4.0/../../../../avr/lib/avr5\libc.a(strcmp.o)
                0x00001d40                strcmp
 .text.avr-libc
                0x00001d52        0xe c:/program files (x86)/atmel/studio/7.0/toolchain/avr8/avr8-gnu-toolchain/bin/../lib/gcc/avr/5.4.0/../../../../avr/lib/avr5\libc.a(strcpy.o)
                0x00001d52                strcpy
 .text.avr-libc
                0x00001d60       0x16 c:/program files (x86)/atmel/studio/7.0/toolchain/avr8/avr8-gnu-toolchain/bin/../lib/gcc/avr/5.4.0/../../../../avr/lib/avr5\libc.a(itoa_ncheck.o)
                0x00001d60                __itoa_ncheck
 .text.avr-libc
                0x00001d76       0x10 c:/program files (x86)/atmel/studio/7.0/toolchain/avr8/avr8-gnu-toolchain/bin/../lib/gcc/avr/5.4.0/../../../../avr/lib/avr5\libc.a(mul10.o)
                0x00001d76                __mulhi_const_10
 .text.avr-libc
                0x00001d86       0x34 c:/program files (x86)/atmel/studio/7.0/toolchain/avr8/avr8-gnu-toolchain/bin/../lib/gcc/avr/5.4.0/../../../../avr/lib/avr5\libc.a(utoa_ncheck.o)
                0x00001d86                __utoa_ncheck
                0x00001d88                __utoa_common
 .text.avr-libc
                0x00001dba       0x20 c:/program files (x86)/atmel/studio/7.0/toolchain/avr8/avr8-gnu-toolchain/bin/../lib/gcc/avr/5.4.0/../../../../avr/lib/avr5\libc.a(strrev.o)
                0x00001dba                strrev
                0x00001dda                . = ALIGN (0x2)
 *(.fini9)
 .fini9         0x00001dda        0x0 c:/program files (x86)/atmel/studio/7.0/toolchain/avr8/avr8-gnu-toolchain/bin/../lib/gcc/avr/5.4.0/avr5\libgcc.a(_exit.o)
                0x00001dda                _exit
                0x00001dda                exit
 *(.fini9)
 *(.fini8)
 *(.fini8)
 *(.fini7)
 *(.fini7)
 *(.fini6)
 *(.fini6)
 *(.fini5)
 *(.fini5)
 *(.fini4)
 *(.fini4)
 *(.fini3)
 *(.fini3)
 *(.fini2)
 *(.fini2)
 *(.fini1)
 *(.fini1)
 *(.fini0)
 .fini0         0x00001dda        0x4 c:/program files (x86)/atmel/studio/7.0/toolchain/avr8/avr8-gnu-toolchain/bin/../lib/gcc/avr/5.4.0/avr5\libgcc.a(_exit.o)
 *(.fini0)
                0x00001dde                _etext = .

.data           0x00800060      0x4e4 load address 0x00001dde
                0x00800060                PROVIDE (__data_start, .)
 *(.data)
 *(.data*)
 .data.Temp_Changed
                0x00800060        0x1 Application/SmartHome_Core.o
                0x00800060                Temp_Changed
 .data.g_Temp   0x00800061        0x1 Application/SmartHome_Core.o
                0x00800061                g_Temp
 .data.AC_Auto  0x00800062        0x1 Application/SmartHome_Core.o
                0x00800062                AC_Auto
 .data.UART_global_Flag
                0x00800063        0x1 Application/SmartHome_Core.o
                0x00800063                UART_global_Flag
 .data.AC_Auto_Threshold_Down
                0x00800064        0x1 Application/SmartHome_Core.o
                0x00800064                AC_Auto_Threshold_Down
 .data.AC_Auto_Threshold_Up
                0x00800065        0x1 Application/SmartHome_Core.o
                0x00800065                AC_Auto_Threshold_Up
 .data.MAX_Users_Count
                0x00800066        0x1 Application/SmartHome_Core.o
                0x00800066                MAX_Users_Count
 .data.Max_Failure_Login_Count
                0x00800067        0x1 Application/SmartHome_Core.o
                0x00800067                Max_Failure_Login_Count
 *(.gnu.linkonce.d*)
 *(.rodata)
 *(.rodata*)
 .rodata.str1.1
                0x00800068      0x1f6 Application/SmartHome_Core.o
                                0x21a (size before relaxing)
 .rodata.str1.1
                0x0080025e        0xd HAL/Leds_5/Leds.o
 .rodata.str1.1
                0x0080026b      0x2d9 MCAL/UART/UART.o
                                0x2ea (size before relaxing)
 *(.gnu.linkonce.r*)
                0x00800544                . = ALIGN (0x2)
                0x00800544                _edata = .
                0x00800544                PROVIDE (__data_end, .)

.bss            0x00800544       0x6e
                0x00800544                PROVIDE (__bss_start, .)
 *(.bss)
 *(.bss*)
 .bss.counter.2410
                0x00800544        0x1 Application/SmartHome_Core.o
 .bss.LCD_g_choice2
                0x00800545        0x1 Application/SmartHome_Core.o
                0x00800545                LCD_g_choice2
 .bss.LCD_g_choice1
                0x00800546        0x1 Application/SmartHome_Core.o
                0x00800546                LCD_g_choice1
 .bss.LCD_Fail_Count
                0x00800547        0x1 Application/SmartHome_Core.o
                0x00800547                LCD_Fail_Count
 .bss.LCD_pass_count
                0x00800548        0x1 Application/SmartHome_Core.o
                0x00800548                LCD_pass_count
 .bss.LCD_user_count
                0x00800549        0x1 Application/SmartHome_Core.o
                0x00800549                LCD_user_count
 .bss.LCD_UserInput
                0x0080054a        0x1 Application/SmartHome_Core.o
                0x0080054a                LCD_UserInput
 .bss.LCD_g_step
                0x0080054b        0x1 Application/SmartHome_Core.o
                0x0080054b                LCD_g_step
 .bss.AC_State  0x0080054c        0x1 Application/SmartHome_Core.o
                0x0080054c                AC_State
 .bss.UART_Received_Flag
                0x0080054d        0x1 Application/SmartHome_Core.o
                0x0080054d                UART_Received_Flag
 .bss.FailCount
                0x0080054e        0x1 Application/SmartHome_Core.o
                0x0080054e                FailCount
 .bss.G_Dimmer_Value
                0x0080054f        0x1 Application/SmartHome_Core.o
                0x0080054f                G_Dimmer_Value
 .bss.door_state
                0x00800550        0x1 Application/SmartHome_Core.o
                0x00800550                door_state
 .bss.Dimmercounter.1781
                0x00800551        0x1 HAL/Dimming_Light/Dimmer.o
 .bss.Cursor_Position
                0x00800552        0x1 HAL/LCD_16x2/LCD.o
 *(COMMON)
 COMMON         0x00800553       0x5f Application/SmartHome_Core.o
                0x00800553                Old_g_Temp
                0x00800554                EEPROM_Password
                0x0080055c                UART_G_Choice_2
                0x0080055d                UART_G_Choice_1
                0x0080055e                LCD_ID
                0x0080055f                UART_Password
                0x00800567                LCD_UserID
                0x0080056f                LCD_EE_Username
                0x00800577                User_ID
                0x00800578                EEPROM_Username
                0x00800580                UART_G_Choice_3
                0x00800581                New_UserID
                0x00800582                UART_Buffer
                0x0080058a                New_Username
                0x00800592                LCD_Password
                0x0080059a                UART_UserID
                0x008005a2                New_Password
                0x008005aa                LCD_EE_Password
                0x008005b2                PROVIDE (__bss_end, .)
                0x00001dde                __data_load_start = LOADADDR (.data)
                0x000022c2                __data_load_end = (__data_load_start + SIZEOF (.data))

.noinit         0x008005b2        0x0
                [!provide]                PROVIDE (__noinit_start, .)
 *(.noinit*)
                [!provide]                PROVIDE (__noinit_end, .)
                0x008005b2                _end = .
                [!provide]                PROVIDE (__heap_start, .)

.eeprom         0x00810000        0x0
 *(.eeprom*)
                0x00810000                __eeprom_end = .

.fuse
 *(.fuse)
 *(.lfuse)
 *(.hfuse)
 *(.efuse)

.lock
 *(.lock*)

.signature
 *(.signature*)

.user_signatures
 *(.user_signatures*)

.stab
 *(.stab)

.stabstr
 *(.stabstr)

.stab.excl
 *(.stab.excl)

.stab.exclstr
 *(.stab.exclstr)

.stab.index
 *(.stab.index)

.stab.indexstr
 *(.stab.indexstr)

.comment        0x00000000       0x30
 *(.comment)
 .comment       0x00000000       0x30 Application/SmartHome_Core.o
                                 0x31 (size before relaxing)
 .comment       0x00000030       0x31 HAL/AirConditioner/AC.o
 .comment       0x00000030       0x31 HAL/Buzzer/Buzzer.o
 .comment       0x00000030       0x31 HAL/Dimming_Light/Dimmer.o
 .comment       0x00000030       0x31 HAL/Door_Servo/Door_Servo.o
 .comment       0x00000030       0x31 HAL/EEPROM/EEPROM.o
 .comment       0x00000030       0x31 HAL/Keypad_4x4/Keypad_4x4.o
 .comment       0x00000030       0x31 HAL/LCD_16x2/LCD.o
 .comment       0x00000030       0x31 HAL/Leds_5/Leds.o
 .comment       0x00000030       0x31 main.o
 .comment       0x00000030       0x31 MCAL/Analog_To_Digital_Converter/ADC.o
 .comment       0x00000030       0x31 MCAL/Digital_Input_Output/DIO.o
 .comment       0x00000030       0x31 MCAL/Interrupt/Interrupt.o
 .comment       0x00000030       0x31 MCAL/Timers/Timers.o
 .comment       0x00000030       0x31 MCAL/TWI_I2C/TWI_I2C.o
 .comment       0x00000030       0x31 MCAL/UART/UART.o

.note.gnu.avr.deviceinfo
                0x00000000       0x3c
 .note.gnu.avr.deviceinfo
                0x00000000       0x3c C:/Program Files (x86)/Atmel/Studio/7.0/Packs/atmel/ATmega_DFP/1.7.374/gcc/dev/atmega32a/avr5/crtatmega32a.o

.note.gnu.build-id
 *(.note.gnu.build-id)

.debug
 *(.debug)

.line
 *(.line)

.debug_srcinfo
 *(.debug_srcinfo)

.debug_sfnames
 *(.debug_sfnames)

.debug_aranges  0x00000000      0x770
 *(.debug_aranges)
 .debug_aranges
                0x00000000       0x78 Application/SmartHome_Core.o
 .debug_aranges
                0x00000078       0x38 HAL/AirConditioner/AC.o
 .debug_aranges
                0x000000b0       0x38 HAL/Buzzer/Buzzer.o
 .debug_aranges
                0x000000e8       0x40 HAL/Dimming_Light/Dimmer.o
 .debug_aranges
                0x00000128       0x28 HAL/Door_Servo/Door_Servo.o
 .debug_aranges
                0x00000150       0x80 HAL/EEPROM/EEPROM.o
 .debug_aranges
                0x000001d0       0x28 HAL/Keypad_4x4/Keypad_4x4.o
 .debug_aranges
                0x000001f8       0x68 HAL/LCD_16x2/LCD.o
 .debug_aranges
                0x00000260       0xc8 HAL/Leds_5/Leds.o
 .debug_aranges
                0x00000328       0x20 main.o
 .debug_aranges
                0x00000348       0x98 MCAL/Analog_To_Digital_Converter/ADC.o
 .debug_aranges
                0x000003e0       0x40 MCAL/Digital_Input_Output/DIO.o
 .debug_aranges
                0x00000420       0x80 MCAL/Interrupt/Interrupt.o
 .debug_aranges
                0x000004a0      0x118 MCAL/Timers/Timers.o
 .debug_aranges
                0x000005b8       0x60 MCAL/TWI_I2C/TWI_I2C.o
 .debug_aranges
                0x00000618      0x158 MCAL/UART/UART.o

.debug_pubnames
 *(.debug_pubnames)

.debug_info     0x00000000     0x5ea5
 *(.debug_info .gnu.linkonce.wi.*)
 .debug_info    0x00000000      0x4e6 C:/Program Files (x86)/Atmel/Studio/7.0/Packs/atmel/ATmega_DFP/1.7.374/gcc/dev/atmega32a/avr5/crtatmega32a.o
 .debug_info    0x000004e6     0x14c0 Application/SmartHome_Core.o
 .debug_info    0x000019a6      0x258 HAL/AirConditioner/AC.o
 .debug_info    0x00001bfe      0x1b7 HAL/Buzzer/Buzzer.o
 .debug_info    0x00001db5      0x298 HAL/Dimming_Light/Dimmer.o
 .debug_info    0x0000204d      0x235 HAL/Door_Servo/Door_Servo.o
 .debug_info    0x00002282      0x8c7 HAL/EEPROM/EEPROM.o
 .debug_info    0x00002b49      0x7fe HAL/Keypad_4x4/Keypad_4x4.o
 .debug_info    0x00003347      0xbe9 HAL/LCD_16x2/LCD.o
 .debug_info    0x00003f30      0x664 HAL/Leds_5/Leds.o
 .debug_info    0x00004594       0x7d main.o
 .debug_info    0x00004611      0x282 MCAL/Analog_To_Digital_Converter/ADC.o
 .debug_info    0x00004893      0x251 MCAL/Digital_Input_Output/DIO.o
 .debug_info    0x00004ae4      0x25f MCAL/Interrupt/Interrupt.o
 .debug_info    0x00004d43      0x3ca MCAL/Timers/Timers.o
 .debug_info    0x0000510d      0x23d MCAL/TWI_I2C/TWI_I2C.o
 .debug_info    0x0000534a      0xb5b MCAL/UART/UART.o

.debug_abbrev   0x00000000     0x1586
 *(.debug_abbrev)
 .debug_abbrev  0x00000000      0x4a3 C:/Program Files (x86)/Atmel/Studio/7.0/Packs/atmel/ATmega_DFP/1.7.374/gcc/dev/atmega32a/avr5/crtatmega32a.o
 .debug_abbrev  0x000004a3      0x22b Application/SmartHome_Core.o
 .debug_abbrev  0x000006ce       0xe0 HAL/AirConditioner/AC.o
 .debug_abbrev  0x000007ae       0xa9 HAL/Buzzer/Buzzer.o
 .debug_abbrev  0x00000857      0x112 HAL/Dimming_Light/Dimmer.o
 .debug_abbrev  0x00000969       0xe2 HAL/Door_Servo/Door_Servo.o
 .debug_abbrev  0x00000a4b      0x1ce HAL/EEPROM/EEPROM.o
 .debug_abbrev  0x00000c19       0xd1 HAL/Keypad_4x4/Keypad_4x4.o
 .debug_abbrev  0x00000cea      0x187 HAL/LCD_16x2/LCD.o
 .debug_abbrev  0x00000e71       0xdc HAL/Leds_5/Leds.o
 .debug_abbrev  0x00000f4d       0x5d main.o
 .debug_abbrev  0x00000faa       0xf4 MCAL/Analog_To_Digital_Converter/ADC.o
 .debug_abbrev  0x0000109e       0xc8 MCAL/Digital_Input_Output/DIO.o
 .debug_abbrev  0x00001166       0xb1 MCAL/Interrupt/Interrupt.o
 .debug_abbrev  0x00001217       0x90 MCAL/Timers/Timers.o
 .debug_abbrev  0x000012a7       0xd3 MCAL/TWI_I2C/TWI_I2C.o
 .debug_abbrev  0x0000137a      0x20c MCAL/UART/UART.o

.debug_line     0x00000000     0x3425
 *(.debug_line .debug_line.* .debug_line_end)
 .debug_line    0x00000000      0x116 C:/Program Files (x86)/Atmel/Studio/7.0/Packs/atmel/ATmega_DFP/1.7.374/gcc/dev/atmega32a/avr5/crtatmega32a.o
 .debug_line    0x00000116      0xb2d Application/SmartHome_Core.o
 .debug_line    0x00000c43      0x190 HAL/AirConditioner/AC.o
 .debug_line    0x00000dd3       0xfb HAL/Buzzer/Buzzer.o
 .debug_line    0x00000ece      0x209 HAL/Dimming_Light/Dimmer.o
 .debug_line    0x000010d7      0x17f HAL/Door_Servo/Door_Servo.o
 .debug_line    0x00001256      0x462 HAL/EEPROM/EEPROM.o
 .debug_line    0x000016b8      0x2ea HAL/Keypad_4x4/Keypad_4x4.o
 .debug_line    0x000019a2      0x4ff HAL/LCD_16x2/LCD.o
 .debug_line    0x00001ea1      0x2ec HAL/Leds_5/Leds.o
 .debug_line    0x0000218d       0x75 main.o
 .debug_line    0x00002202      0x2c0 MCAL/Analog_To_Digital_Converter/ADC.o
 .debug_line    0x000024c2      0x23b MCAL/Digital_Input_Output/DIO.o
 .debug_line    0x000026fd      0x1c7 MCAL/Interrupt/Interrupt.o
 .debug_line    0x000028c4      0x38c MCAL/Timers/Timers.o
 .debug_line    0x00002c50      0x19c MCAL/TWI_I2C/TWI_I2C.o
 .debug_line    0x00002dec      0x639 MCAL/UART/UART.o

.debug_frame    0x00000000      0xfe8
 *(.debug_frame)
 .debug_frame   0x00000000      0x194 Application/SmartHome_Core.o
 .debug_frame   0x00000194       0x5c HAL/AirConditioner/AC.o
 .debug_frame   0x000001f0       0x54 HAL/Buzzer/Buzzer.o
 .debug_frame   0x00000244       0xb4 HAL/Dimming_Light/Dimmer.o
 .debug_frame   0x000002f8       0x34 HAL/Door_Servo/Door_Servo.o
 .debug_frame   0x0000032c      0x1c8 HAL/EEPROM/EEPROM.o
 .debug_frame   0x000004f4       0x3c HAL/Keypad_4x4/Keypad_4x4.o
 .debug_frame   0x00000530       0xf0 HAL/LCD_16x2/LCD.o
 .debug_frame   0x00000620      0x180 HAL/Leds_5/Leds.o
 .debug_frame   0x000007a0       0x24 main.o
 .debug_frame   0x000007c4      0x11c MCAL/Analog_To_Digital_Converter/ADC.o
 .debug_frame   0x000008e0       0x64 MCAL/Digital_Input_Output/DIO.o
 .debug_frame   0x00000944       0xe4 MCAL/Interrupt/Interrupt.o
 .debug_frame   0x00000a28      0x214 MCAL/Timers/Timers.o
 .debug_frame   0x00000c3c       0xa4 MCAL/TWI_I2C/TWI_I2C.o
 .debug_frame   0x00000ce0      0x308 MCAL/UART/UART.o

.debug_str      0x00000000     0x1971
 *(.debug_str)
 .debug_str     0x00000000      0x196 C:/Program Files (x86)/Atmel/Studio/7.0/Packs/atmel/ATmega_DFP/1.7.374/gcc/dev/atmega32a/avr5/crtatmega32a.o
 .debug_str     0x00000196      0x883 Application/SmartHome_Core.o
                                0x8d7 (size before relaxing)
 .debug_str     0x00000a19       0x8b HAL/AirConditioner/AC.o
                                0x273 (size before relaxing)
 .debug_str     0x00000aa4       0x81 HAL/Buzzer/Buzzer.o
                                0x1cb (size before relaxing)
 .debug_str     0x00000b25       0xaf HAL/Dimming_Light/Dimmer.o
                                0x2f6 (size before relaxing)
 .debug_str     0x00000bd4       0x49 HAL/Door_Servo/Door_Servo.o
                                0x2bc (size before relaxing)
 .debug_str     0x00000c1d      0x380 HAL/EEPROM/EEPROM.o
                                0x60a (size before relaxing)
 .debug_str     0x00000f9d       0x31 HAL/Keypad_4x4/Keypad_4x4.o
                                0x23e (size before relaxing)
 .debug_str     0x00000fce       0x92 HAL/LCD_16x2/LCD.o
                                0x359 (size before relaxing)
 .debug_str     0x00001060       0xb5 HAL/Leds_5/Leds.o
                                0x311 (size before relaxing)
 .debug_str     0x00001115       0x11 main.o
                                0x150 (size before relaxing)
 .debug_str     0x00001126      0x141 MCAL/Analog_To_Digital_Converter/ADC.o
                                0x2c7 (size before relaxing)
 .debug_str     0x00001267       0x6e MCAL/Digital_Input_Output/DIO.o
                                0x271 (size before relaxing)
 .debug_str     0x000012d5       0xc5 MCAL/Interrupt/Interrupt.o
                                0x2bc (size before relaxing)
 .debug_str     0x0000139a      0x354 MCAL/Timers/Timers.o
                                0x4f5 (size before relaxing)
 .debug_str     0x000016ee       0x76 MCAL/TWI_I2C/TWI_I2C.o
                                0x46b (size before relaxing)
 .debug_str     0x00001764      0x20d MCAL/UART/UART.o
                                0x5f6 (size before relaxing)

.debug_loc      0x00000000     0x2401
 *(.debug_loc)
 .debug_loc     0x00000000      0x3bc Application/SmartHome_Core.o
 .debug_loc     0x000003bc       0xcd HAL/AirConditioner/AC.o
 .debug_loc     0x00000489      0x1b1 HAL/Dimming_Light/Dimmer.o
 .debug_loc     0x0000063a       0x74 HAL/Door_Servo/Door_Servo.o
 .debug_loc     0x000006ae      0xc66 HAL/EEPROM/EEPROM.o
 .debug_loc     0x00001314       0xaf HAL/Keypad_4x4/Keypad_4x4.o
 .debug_loc     0x000013c3      0x746 HAL/LCD_16x2/LCD.o
 .debug_loc     0x00001b09      0x137 HAL/Leds_5/Leds.o
 .debug_loc     0x00001c40       0x4e MCAL/Analog_To_Digital_Converter/ADC.o
 .debug_loc     0x00001c8e      0x377 MCAL/Digital_Input_Output/DIO.o
 .debug_loc     0x00002005       0xbc MCAL/TWI_I2C/TWI_I2C.o
 .debug_loc     0x000020c1      0x340 MCAL/UART/UART.o

.debug_macinfo
 *(.debug_macinfo)

.debug_weaknames
 *(.debug_weaknames)

.debug_funcnames
 *(.debug_funcnames)

.debug_typenames
 *(.debug_typenames)

.debug_varnames
 *(.debug_varnames)

.debug_pubtypes
 *(.debug_pubtypes)

.debug_ranges   0x00000000      0x688
 *(.debug_ranges)
 .debug_ranges  0x00000000       0x68 Application/SmartHome_Core.o
 .debug_ranges  0x00000068       0x28 HAL/AirConditioner/AC.o
 .debug_ranges  0x00000090       0x28 HAL/Buzzer/Buzzer.o
 .debug_ranges  0x000000b8       0x30 HAL/Dimming_Light/Dimmer.o
 .debug_ranges  0x000000e8       0x18 HAL/Door_Servo/Door_Servo.o
 .debug_ranges  0x00000100       0x88 HAL/EEPROM/EEPROM.o
 .debug_ranges  0x00000188       0x18 HAL/Keypad_4x4/Keypad_4x4.o
 .debug_ranges  0x000001a0       0x58 HAL/LCD_16x2/LCD.o
 .debug_ranges  0x000001f8       0xb8 HAL/Leds_5/Leds.o
 .debug_ranges  0x000002b0       0x10 main.o
 .debug_ranges  0x000002c0       0x88 MCAL/Analog_To_Digital_Converter/ADC.o
 .debug_ranges  0x00000348       0x30 MCAL/Digital_Input_Output/DIO.o
 .debug_ranges  0x00000378       0x70 MCAL/Interrupt/Interrupt.o
 .debug_ranges  0x000003e8      0x108 MCAL/Timers/Timers.o
 .debug_ranges  0x000004f0       0x50 MCAL/TWI_I2C/TWI_I2C.o
 .debug_ranges  0x00000540      0x148 MCAL/UART/UART.o

.debug_macro
 *(.debug_macro)
OUTPUT(Smart_Home_D66.elf elf32-avr)
LOAD linker stubs
