Archive member included to satisfy reference by file (symbol)

c:/program files (x86)/atmel/studio/7.0/toolchain/avr8/avr8-gnu-toolchain/bin/../lib/gcc/avr/5.4.0/avr5\libgcc.a(_exit.o)
                              C:/Program Files (x86)/Atmel/Studio/7.0/Packs/atmel/ATmega_DFP/1.7.374/gcc/dev/atmega32a/avr5/crtatmega32a.o (exit)
c:/program files (x86)/atmel/studio/7.0/toolchain/avr8/avr8-gnu-toolchain/bin/../lib/gcc/avr/5.4.0/avr5\libgcc.a(_tablejump2.o)
                              HAL/LCD_16x2/LCD.o (__tablejump2__)
c:/program files (x86)/atmel/studio/7.0/toolchain/avr8/avr8-gnu-toolchain/bin/../lib/gcc/avr/5.4.0/avr5\libgcc.a(_copy_data.o)
                              HAL/AirConditioner/AC.o (__do_copy_data)
c:/program files (x86)/atmel/studio/7.0/toolchain/avr8/avr8-gnu-toolchain/bin/../lib/gcc/avr/5.4.0/avr5\libgcc.a(_clear_bss.o)
                              HAL/AirConditioner/AC.o (__do_clear_bss)
c:/program files (x86)/atmel/studio/7.0/toolchain/avr8/avr8-gnu-toolchain/bin/../lib/gcc/avr/5.4.0/../../../../avr/lib/avr5\libc.a(atoi.o)
                              HAL/LCD_16x2/LCD.o (atoi)
c:/program files (x86)/atmel/studio/7.0/toolchain/avr8/avr8-gnu-toolchain/bin/../lib/gcc/avr/5.4.0/../../../../avr/lib/avr5\libc.a(strcmp.o)
                              HAL/LCD_16x2/LCD.o (strcmp)
c:/program files (x86)/atmel/studio/7.0/toolchain/avr8/avr8-gnu-toolchain/bin/../lib/gcc/avr/5.4.0/../../../../avr/lib/avr5\libc.a(strcpy.o)
                              main.o (strcpy)
c:/program files (x86)/atmel/studio/7.0/toolchain/avr8/avr8-gnu-toolchain/bin/../lib/gcc/avr/5.4.0/../../../../avr/lib/avr5\libc.a(itoa_ncheck.o)
                              HAL/LCD_16x2/LCD.o (__itoa_ncheck)
c:/program files (x86)/atmel/studio/7.0/toolchain/avr8/avr8-gnu-toolchain/bin/../lib/gcc/avr/5.4.0/../../../../avr/lib/avr5\libc.a(mul10.o)
                              c:/program files (x86)/atmel/studio/7.0/toolchain/avr8/avr8-gnu-toolchain/bin/../lib/gcc/avr/5.4.0/../../../../avr/lib/avr5\libc.a(atoi.o) (__mulhi_const_10)
c:/program files (x86)/atmel/studio/7.0/toolchain/avr8/avr8-gnu-toolchain/bin/../lib/gcc/avr/5.4.0/../../../../avr/lib/avr5\libc.a(utoa_ncheck.o)
                              c:/program files (x86)/atmel/studio/7.0/toolchain/avr8/avr8-gnu-toolchain/bin/../lib/gcc/avr/5.4.0/../../../../avr/lib/avr5\libc.a(itoa_ncheck.o) (__utoa_common)
c:/program files (x86)/atmel/studio/7.0/toolchain/avr8/avr8-gnu-toolchain/bin/../lib/gcc/avr/5.4.0/../../../../avr/lib/avr5\libc.a(sprintf.o)
                              MCAL/UART/UART.o (sprintf)
c:/program files (x86)/atmel/studio/7.0/toolchain/avr8/avr8-gnu-toolchain/bin/../lib/gcc/avr/5.4.0/../../../../avr/lib/avr5\libc.a(vfprintf_std.o)
                              c:/program files (x86)/atmel/studio/7.0/toolchain/avr8/avr8-gnu-toolchain/bin/../lib/gcc/avr/5.4.0/../../../../avr/lib/avr5\libc.a(sprintf.o) (vfprintf)
c:/program files (x86)/atmel/studio/7.0/toolchain/avr8/avr8-gnu-toolchain/bin/../lib/gcc/avr/5.4.0/../../../../avr/lib/avr5\libc.a(strnlen_P.o)
                              c:/program files (x86)/atmel/studio/7.0/toolchain/avr8/avr8-gnu-toolchain/bin/../lib/gcc/avr/5.4.0/../../../../avr/lib/avr5\libc.a(vfprintf_std.o) (strnlen_P)
c:/program files (x86)/atmel/studio/7.0/toolchain/avr8/avr8-gnu-toolchain/bin/../lib/gcc/avr/5.4.0/../../../../avr/lib/avr5\libc.a(strnlen.o)
                              c:/program files (x86)/atmel/studio/7.0/toolchain/avr8/avr8-gnu-toolchain/bin/../lib/gcc/avr/5.4.0/../../../../avr/lib/avr5\libc.a(vfprintf_std.o) (strnlen)
c:/program files (x86)/atmel/studio/7.0/toolchain/avr8/avr8-gnu-toolchain/bin/../lib/gcc/avr/5.4.0/../../../../avr/lib/avr5\libc.a(strrev.o)
                              c:/program files (x86)/atmel/studio/7.0/toolchain/avr8/avr8-gnu-toolchain/bin/../lib/gcc/avr/5.4.0/../../../../avr/lib/avr5\libc.a(utoa_ncheck.o) (strrev)
c:/program files (x86)/atmel/studio/7.0/toolchain/avr8/avr8-gnu-toolchain/bin/../lib/gcc/avr/5.4.0/../../../../avr/lib/avr5\libc.a(fputc.o)
                              c:/program files (x86)/atmel/studio/7.0/toolchain/avr8/avr8-gnu-toolchain/bin/../lib/gcc/avr/5.4.0/../../../../avr/lib/avr5\libc.a(vfprintf_std.o) (fputc)
c:/program files (x86)/atmel/studio/7.0/toolchain/avr8/avr8-gnu-toolchain/bin/../lib/gcc/avr/5.4.0/../../../../avr/lib/avr5\libc.a(ultoa_invert.o)
                              c:/program files (x86)/atmel/studio/7.0/toolchain/avr8/avr8-gnu-toolchain/bin/../lib/gcc/avr/5.4.0/../../../../avr/lib/avr5\libc.a(vfprintf_std.o) (__ultoa_invert)
c:/program files (x86)/atmel/studio/7.0/toolchain/avr8/avr8-gnu-toolchain/bin/../lib/gcc/avr/5.4.0/avr5\libgcc.a(_prologue.o)
                              c:/program files (x86)/atmel/studio/7.0/toolchain/avr8/avr8-gnu-toolchain/bin/../lib/gcc/avr/5.4.0/../../../../avr/lib/avr5\libc.a(sprintf.o) (__prologue_saves__)
c:/program files (x86)/atmel/studio/7.0/toolchain/avr8/avr8-gnu-toolchain/bin/../lib/gcc/avr/5.4.0/avr5\libgcc.a(_epilogue.o)
                              c:/program files (x86)/atmel/studio/7.0/toolchain/avr8/avr8-gnu-toolchain/bin/../lib/gcc/avr/5.4.0/../../../../avr/lib/avr5\libc.a(sprintf.o) (__epilogue_restores__)

Allocating common symbols
Common symbol       size              file

LCD_ID              0x1               HAL/LCD_16x2/LCD.o
g_choice_1          0x1               main.o
LCD_UserID          0x8               HAL/LCD_16x2/LCD.o
LCD_EE_Username     0x8               HAL/LCD_16x2/LCD.o
New_UserID          0x1               main.o
UART_Buffer         0x8               main.o
g_choice_2          0x1               main.o
New_Username        0x8               main.o
LCD_Password        0x8               HAL/LCD_16x2/LCD.o
New_Password        0x8               main.o
LCD_EE_Password     0x8               HAL/LCD_16x2/LCD.o

Discarded input sections

 .data          0x00000000        0x0 C:/Program Files (x86)/Atmel/Studio/7.0/Packs/atmel/ATmega_DFP/1.7.374/gcc/dev/atmega32a/avr5/crtatmega32a.o
 .bss           0x00000000        0x0 C:/Program Files (x86)/Atmel/Studio/7.0/Packs/atmel/ATmega_DFP/1.7.374/gcc/dev/atmega32a/avr5/crtatmega32a.o
 .text          0x00000000        0x0 Application/Smart.o
 .data          0x00000000        0x0 Application/Smart.o
 .bss           0x00000000        0x0 Application/Smart.o
 .text.String_Compare
                0x00000000       0x52 Application/Smart.o
 .text.Keypad_Check_If_Pressed_0
                0x00000000        0x2 Application/Smart.o
 .text.Smart_Idle
                0x00000000        0x2 Application/Smart.o
 .debug_info    0x00000000      0x110 Application/Smart.o
 .debug_abbrev  0x00000000       0xa8 Application/Smart.o
 .debug_loc     0x00000000       0x8a Application/Smart.o
 .debug_aranges
                0x00000000       0x30 Application/Smart.o
 .debug_ranges  0x00000000       0x40 Application/Smart.o
 .debug_line    0x00000000       0xb6 Application/Smart.o
 .debug_str     0x00000000      0x1c8 Application/Smart.o
 .comment       0x00000000       0x31 Application/Smart.o
 .debug_frame   0x00000000       0x44 Application/Smart.o
 .text          0x00000000        0x0 HAL/AirConditioner/AC.o
 .data          0x00000000        0x0 HAL/AirConditioner/AC.o
 .bss           0x00000000        0x0 HAL/AirConditioner/AC.o
 .text          0x00000000        0x0 HAL/Bluetooth/Bluetooth.o
 .data          0x00000000        0x0 HAL/Bluetooth/Bluetooth.o
 .bss           0x00000000        0x0 HAL/Bluetooth/Bluetooth.o
 .debug_line    0x00000000        0x0 HAL/Bluetooth/Bluetooth.o
 .debug_str     0x00000000       0xfb HAL/Bluetooth/Bluetooth.o
 .comment       0x00000000       0x31 HAL/Bluetooth/Bluetooth.o
 .text          0x00000000        0x0 HAL/Buzzer/Buzzer.o
 .data          0x00000000        0x0 HAL/Buzzer/Buzzer.o
 .bss           0x00000000        0x0 HAL/Buzzer/Buzzer.o
 .text.BUZZER_Initialization
                0x00000000        0xc HAL/Buzzer/Buzzer.o
 .text.BUZZER_Off
                0x00000000        0xc HAL/Buzzer/Buzzer.o
 .text          0x00000000        0x0 HAL/Dimming_Light/Dimmer.o
 .data          0x00000000        0x0 HAL/Dimming_Light/Dimmer.o
 .bss           0x00000000        0x0 HAL/Dimming_Light/Dimmer.o
 .text.Dimmer_Increase
                0x00000000       0x10 HAL/Dimming_Light/Dimmer.o
 .text.Dimmer_Decrease
                0x00000000       0x10 HAL/Dimming_Light/Dimmer.o
 .text.Dimmer_On
                0x00000000        0x8 HAL/Dimming_Light/Dimmer.o
 .text          0x00000000        0x0 HAL/Door_Servo/Door_Servo.o
 .data          0x00000000        0x0 HAL/Door_Servo/Door_Servo.o
 .bss           0x00000000        0x0 HAL/Door_Servo/Door_Servo.o
 .text          0x00000000        0x0 HAL/EEPROM/EEPROM.o
 .data          0x00000000        0x0 HAL/EEPROM/EEPROM.o
 .bss           0x00000000        0x0 HAL/EEPROM/EEPROM.o
 .text.EEPROM_Write_Number_32
                0x00000000       0x76 HAL/EEPROM/EEPROM.o
 .text.EEPROM_Read_Number_32
                0x00000000       0x76 HAL/EEPROM/EEPROM.o
 .text.EEPROM_Edit_Data
                0x00000000       0x1c HAL/EEPROM/EEPROM.o
 .text          0x00000000        0x0 HAL/Keypad_4x4/Keypad_4x4.o
 .data          0x00000000        0x0 HAL/Keypad_4x4/Keypad_4x4.o
 .bss           0x00000000        0x0 HAL/Keypad_4x4/Keypad_4x4.o
 .text          0x00000000        0x0 HAL/LCD_16x2/LCD.o
 .data          0x00000000        0x0 HAL/LCD_16x2/LCD.o
 .bss           0x00000000        0x0 HAL/LCD_16x2/LCD.o
 .text.LCD_Show_Choose_LED
                0x00000000       0x16 HAL/LCD_16x2/LCD.o
 .text.LCD_Show_Choose_Dimmer
                0x00000000       0x16 HAL/LCD_16x2/LCD.o
 .text.LCD_Idle
                0x00000000       0x90 HAL/LCD_16x2/LCD.o
 .data.Delayer_ms
                0x00000000        0x2 HAL/LCD_16x2/LCD.o
 .bss.Delayer_Counter
                0x00000000        0x2 HAL/LCD_16x2/LCD.o
 .text          0x00000000        0x0 HAL/Leds_5/Leds.o
 .data          0x00000000        0x0 HAL/Leds_5/Leds.o
 .bss           0x00000000        0x0 HAL/Leds_5/Leds.o
 .text.LED0_Init
                0x00000000        0xc HAL/Leds_5/Leds.o
 .text.LED1_Init
                0x00000000        0xc HAL/Leds_5/Leds.o
 .text.LED2_Init
                0x00000000        0xc HAL/Leds_5/Leds.o
 .text.LED3_Init
                0x00000000        0xc HAL/Leds_5/Leds.o
 .text.LED4_Init
                0x00000000        0xc HAL/Leds_5/Leds.o
 .text.LED_0_On
                0x00000000        0xc HAL/Leds_5/Leds.o
 .text.LED_1_On
                0x00000000        0xc HAL/Leds_5/Leds.o
 .text.LED_2_On
                0x00000000        0xc HAL/Leds_5/Leds.o
 .text.LED_3_On
                0x00000000        0xc HAL/Leds_5/Leds.o
 .text.LED_4_On
                0x00000000        0xc HAL/Leds_5/Leds.o
 .text.Dimmer_Toggle
                0x00000000        0xc HAL/Leds_5/Leds.o
 .text          0x00000000        0x0 HAL/Temperature_Sensor/Temp_Sensor.o
 .data          0x00000000        0x0 HAL/Temperature_Sensor/Temp_Sensor.o
 .bss           0x00000000        0x0 HAL/Temperature_Sensor/Temp_Sensor.o
 .debug_line    0x00000000        0x0 HAL/Temperature_Sensor/Temp_Sensor.o
 .debug_str     0x00000000      0x106 HAL/Temperature_Sensor/Temp_Sensor.o
 .comment       0x00000000       0x31 HAL/Temperature_Sensor/Temp_Sensor.o
 .text          0x00000000        0x0 main.o
 .data          0x00000000        0x0 main.o
 .bss           0x00000000        0x0 main.o
 .text.Go_Back  0x00000000       0x18 main.o
 .rodata        0x00000000       0x28 main.o
 .text.Smart_Configurator
                0x00000000      0x15e main.o
 .text          0x00000000        0x0 MCAL/Analog_To_Digital_Converter/ADC.o
 .data          0x00000000        0x0 MCAL/Analog_To_Digital_Converter/ADC.o
 .bss           0x00000000        0x0 MCAL/Analog_To_Digital_Converter/ADC.o
 .text.ADC_Auto_Trigger_Enable
                0x00000000        0x8 MCAL/Analog_To_Digital_Converter/ADC.o
 .text.ADC_Auto_Trigger_Disable
                0x00000000        0x8 MCAL/Analog_To_Digital_Converter/ADC.o
 .text.ADC_Interrupt_Enable
                0x00000000        0x8 MCAL/Analog_To_Digital_Converter/ADC.o
 .text.ADC_Interrupt_Disable
                0x00000000        0x8 MCAL/Analog_To_Digital_Converter/ADC.o
 .text.ADC_Enable
                0x00000000        0x8 MCAL/Analog_To_Digital_Converter/ADC.o
 .text.ADC_Disable
                0x00000000        0x8 MCAL/Analog_To_Digital_Converter/ADC.o
 .text.ADC_Start
                0x00000000        0x8 MCAL/Analog_To_Digital_Converter/ADC.o
 .text.ADC_Wait
                0x00000000        0x6 MCAL/Analog_To_Digital_Converter/ADC.o
 .text.ADC_Return_Result
                0x00000000        0x4 MCAL/Analog_To_Digital_Converter/ADC.o
 .text.ADC_Timer_Polling_Result
                0x00000000        0xe MCAL/Analog_To_Digital_Converter/ADC.o
 .text.ADC_Init
                0x00000000       0x26 MCAL/Analog_To_Digital_Converter/ADC.o
 .text.ADC_Manual_Interrupt
                0x00000000       0x1a MCAL/Analog_To_Digital_Converter/ADC.o
 .text.ADC_Timer_No_Interrupt
                0x00000000       0x32 MCAL/Analog_To_Digital_Converter/ADC.o
 .text.ADC_Timer_With_Interrupt
                0x00000000       0x32 MCAL/Analog_To_Digital_Converter/ADC.o
 .text.ADC_Interrupt_Flag_Clear
                0x00000000        0x8 MCAL/Analog_To_Digital_Converter/ADC.o
 .text.ADC_Convert_8bit
                0x00000000       0x26 MCAL/Analog_To_Digital_Converter/ADC.o
 .debug_info    0x00000000      0x282 MCAL/Analog_To_Digital_Converter/ADC.o
 .debug_abbrev  0x00000000       0xf4 MCAL/Analog_To_Digital_Converter/ADC.o
 .debug_loc     0x00000000       0x4e MCAL/Analog_To_Digital_Converter/ADC.o
 .debug_aranges
                0x00000000       0x98 MCAL/Analog_To_Digital_Converter/ADC.o
 .debug_ranges  0x00000000       0x88 MCAL/Analog_To_Digital_Converter/ADC.o
 .debug_line    0x00000000      0x2c0 MCAL/Analog_To_Digital_Converter/ADC.o
 .debug_str     0x00000000      0x286 MCAL/Analog_To_Digital_Converter/ADC.o
 .comment       0x00000000       0x31 MCAL/Analog_To_Digital_Converter/ADC.o
 .debug_frame   0x00000000      0x11c MCAL/Analog_To_Digital_Converter/ADC.o
 .text          0x00000000        0x0 MCAL/Digital_Input_Output/DIO.o
 .data          0x00000000        0x0 MCAL/Digital_Input_Output/DIO.o
 .bss           0x00000000        0x0 MCAL/Digital_Input_Output/DIO.o
 .text.DIO_Set_Port_Direction
                0x00000000       0x50 MCAL/Digital_Input_Output/DIO.o
 .text.DIO_Set_Port_Output
                0x00000000       0x50 MCAL/Digital_Input_Output/DIO.o
 .text          0x00000000        0x0 MCAL/Interrupt/Interrupt.o
 .data          0x00000000        0x0 MCAL/Interrupt/Interrupt.o
 .bss           0x00000000        0x0 MCAL/Interrupt/Interrupt.o
 .text.EXTI0_Init
                0x00000000        0xe MCAL/Interrupt/Interrupt.o
 .text.EXTI0_Set_Direction_Input
                0x00000000        0xc MCAL/Interrupt/Interrupt.o
 .text.EXTI0_Set_Internal_Pull_Up
                0x00000000        0xc MCAL/Interrupt/Interrupt.o
 .text.EXTI1_Init
                0x00000000        0xe MCAL/Interrupt/Interrupt.o
 .text.EXTI2_Init
                0x00000000        0x8 MCAL/Interrupt/Interrupt.o
 .text.EXTI0_Enable
                0x00000000        0x8 MCAL/Interrupt/Interrupt.o
 .text.EXTI0_Disable
                0x00000000        0x8 MCAL/Interrupt/Interrupt.o
 .text.EXTI1_Enable
                0x00000000        0x8 MCAL/Interrupt/Interrupt.o
 .text.EXTI1_Disable
                0x00000000        0x8 MCAL/Interrupt/Interrupt.o
 .text.EXTI2_Enable
                0x00000000        0x8 MCAL/Interrupt/Interrupt.o
 .text.EXTI2_Disable
                0x00000000        0x8 MCAL/Interrupt/Interrupt.o
 .text          0x00000000        0x0 MCAL/Timers/Timers.o
 .data          0x00000000        0x0 MCAL/Timers/Timers.o
 .bss           0x00000000        0x0 MCAL/Timers/Timers.o
 .text.Timer1_Init
                0x00000000       0x56 MCAL/Timers/Timers.o
 .text.Timer1_Enable_Input_Capture_Interrupt
                0x00000000        0x8 MCAL/Timers/Timers.o
 .text.Timer1_Disable_Input_Capture_Interrupt
                0x00000000        0x8 MCAL/Timers/Timers.o
 .text.Timer1_Enable_Compare_A_Interrupt
                0x00000000        0x8 MCAL/Timers/Timers.o
 .text.Timer1_Disable_Compare_A_Interrupt
                0x00000000        0x8 MCAL/Timers/Timers.o
 .text.Timer1_Enable_Compare_B_Interrupt
                0x00000000        0x8 MCAL/Timers/Timers.o
 .text.Timer1_Disable_Compare_B_Interrupt
                0x00000000        0x8 MCAL/Timers/Timers.o
 .text.Timer1_Enable_Overflow_Interrupt
                0x00000000        0x8 MCAL/Timers/Timers.o
 .text.Timer1_Disable_Overflow_Interrupt
                0x00000000        0x8 MCAL/Timers/Timers.o
 .text.Timer1_Read_IC_Interrupt_Flag
                0x00000000        0xa MCAL/Timers/Timers.o
 .text.Timer1_Read_OCA_Interrupt_Flag
                0x00000000        0x8 MCAL/Timers/Timers.o
 .text.Timer1_Read_OCB_Interrupt_Flag
                0x00000000        0xa MCAL/Timers/Timers.o
 .text.Timer1_Read_OVF_Interrupt_Flag
                0x00000000        0xa MCAL/Timers/Timers.o
 .text.Timer1_Read_IC_Reg
                0x00000000        0xe MCAL/Timers/Timers.o
 .text.Timer1_Set_ICR1_Reg
                0x00000000        0x6 MCAL/Timers/Timers.o
 .text.Timer1_Set_TCNT1_Reg
                0x00000000        0x6 MCAL/Timers/Timers.o
 .text.Timer1_Set_OCR1A_Reg
                0x00000000        0x6 MCAL/Timers/Timers.o
 .text.Timer1_Set_OCR1B_Reg
                0x00000000        0x6 MCAL/Timers/Timers.o
 .text.Timer0_Set_TCNT0_Reg
                0x00000000        0x4 MCAL/Timers/Timers.o
 .text.Timer0_Set_OCR0_Reg
                0x00000000        0x4 MCAL/Timers/Timers.o
 .text.Timer0_Disable_Overflow_Interrupt
                0x00000000        0x8 MCAL/Timers/Timers.o
 .text.Timer0_Enable_CTC_Interrupt
                0x00000000        0x8 MCAL/Timers/Timers.o
 .text.Timer0_Disable_CTC_Interrupt
                0x00000000        0x8 MCAL/Timers/Timers.o
 .text.Timer2_Init
                0x00000000       0x2c MCAL/Timers/Timers.o
 .text.Timer2_Set_TCNT2_Reg
                0x00000000        0x4 MCAL/Timers/Timers.o
 .text.Timer2_Set_OCR2_Reg
                0x00000000        0x4 MCAL/Timers/Timers.o
 .text.Timer2_Enable_Overflow_Interrupt
                0x00000000        0x8 MCAL/Timers/Timers.o
 .text.Timer2_Disable_Overflow_Interrupt
                0x00000000        0x8 MCAL/Timers/Timers.o
 .text.Timer2_Enable_CTC_Interrupt
                0x00000000        0x8 MCAL/Timers/Timers.o
 .text.Timer2_Disable_CTC_Interrupt
                0x00000000        0x8 MCAL/Timers/Timers.o
 .text          0x00000000        0x0 MCAL/TWI_I2C/TWI_I2C.o
 .data          0x00000000        0x0 MCAL/TWI_I2C/TWI_I2C.o
 .bss           0x00000000        0x0 MCAL/TWI_I2C/TWI_I2C.o
 .text.TWI_Interrupt_Enable
                0x00000000        0x8 MCAL/TWI_I2C/TWI_I2C.o
 .text.TWI_Interrupt_Disable
                0x00000000        0x8 MCAL/TWI_I2C/TWI_I2C.o
 .text.TWI_Set_My_Address
                0x00000000       0x12 MCAL/TWI_I2C/TWI_I2C.o
 .text          0x00000000        0x0 MCAL/UART/UART.o
 .data          0x00000000        0x0 MCAL/UART/UART.o
 .bss           0x00000000        0x0 MCAL/UART/UART.o
 .text.UART_Enable_TX
                0x00000000        0x8 MCAL/UART/UART.o
 .text.UART_Disable_TX
                0x00000000        0x8 MCAL/UART/UART.o
 .text.UART_Enable_RX
                0x00000000        0x8 MCAL/UART/UART.o
 .text.UART_Disable_RX
                0x00000000        0x8 MCAL/UART/UART.o
 .text.UART_Enable_TX_Interrupt
                0x00000000        0x8 MCAL/UART/UART.o
 .text.UART_Disable_TX_Interrupt
                0x00000000        0x8 MCAL/UART/UART.o
 .text.UART_Disable_RX_Interrupt
                0x00000000        0x8 MCAL/UART/UART.o
 .text.UART_Enable_DataReg_Empty_Interrupt
                0x00000000        0x8 MCAL/UART/UART.o
 .text.UART_Disable_DataReg_Empty_Interrupt
                0x00000000        0x8 MCAL/UART/UART.o
 .text.UART_Send_Number_Polling_32
                0x00000000       0x74 MCAL/UART/UART.o
 .text.UART_Recieve_Number_Polling_32
                0x00000000        0x8 MCAL/UART/UART.o
 .text          0x00000000        0x0 c:/program files (x86)/atmel/studio/7.0/toolchain/avr8/avr8-gnu-toolchain/bin/../lib/gcc/avr/5.4.0/avr5\libgcc.a(_exit.o)
 .data          0x00000000        0x0 c:/program files (x86)/atmel/studio/7.0/toolchain/avr8/avr8-gnu-toolchain/bin/../lib/gcc/avr/5.4.0/avr5\libgcc.a(_exit.o)
 .bss           0x00000000        0x0 c:/program files (x86)/atmel/studio/7.0/toolchain/avr8/avr8-gnu-toolchain/bin/../lib/gcc/avr/5.4.0/avr5\libgcc.a(_exit.o)
 .text.libgcc.mul
                0x00000000        0x0 c:/program files (x86)/atmel/studio/7.0/toolchain/avr8/avr8-gnu-toolchain/bin/../lib/gcc/avr/5.4.0/avr5\libgcc.a(_exit.o)
 .text.libgcc.div
                0x00000000        0x0 c:/program files (x86)/atmel/studio/7.0/toolchain/avr8/avr8-gnu-toolchain/bin/../lib/gcc/avr/5.4.0/avr5\libgcc.a(_exit.o)
 .text.libgcc   0x00000000        0x0 c:/program files (x86)/atmel/studio/7.0/toolchain/avr8/avr8-gnu-toolchain/bin/../lib/gcc/avr/5.4.0/avr5\libgcc.a(_exit.o)
 .text.libgcc.prologue
                0x00000000        0x0 c:/program files (x86)/atmel/studio/7.0/toolchain/avr8/avr8-gnu-toolchain/bin/../lib/gcc/avr/5.4.0/avr5\libgcc.a(_exit.o)
 .text.libgcc.builtins
                0x00000000        0x0 c:/program files (x86)/atmel/studio/7.0/toolchain/avr8/avr8-gnu-toolchain/bin/../lib/gcc/avr/5.4.0/avr5\libgcc.a(_exit.o)
 .text.libgcc.fmul
                0x00000000        0x0 c:/program files (x86)/atmel/studio/7.0/toolchain/avr8/avr8-gnu-toolchain/bin/../lib/gcc/avr/5.4.0/avr5\libgcc.a(_exit.o)
 .text.libgcc.fixed
                0x00000000        0x0 c:/program files (x86)/atmel/studio/7.0/toolchain/avr8/avr8-gnu-toolchain/bin/../lib/gcc/avr/5.4.0/avr5\libgcc.a(_exit.o)
 .text          0x00000000        0x0 c:/program files (x86)/atmel/studio/7.0/toolchain/avr8/avr8-gnu-toolchain/bin/../lib/gcc/avr/5.4.0/avr5\libgcc.a(_tablejump2.o)
 .data          0x00000000        0x0 c:/program files (x86)/atmel/studio/7.0/toolchain/avr8/avr8-gnu-toolchain/bin/../lib/gcc/avr/5.4.0/avr5\libgcc.a(_tablejump2.o)
 .bss           0x00000000        0x0 c:/program files (x86)/atmel/studio/7.0/toolchain/avr8/avr8-gnu-toolchain/bin/../lib/gcc/avr/5.4.0/avr5\libgcc.a(_tablejump2.o)
 .text.libgcc.mul
                0x00000000        0x0 c:/program files (x86)/atmel/studio/7.0/toolchain/avr8/avr8-gnu-toolchain/bin/../lib/gcc/avr/5.4.0/avr5\libgcc.a(_tablejump2.o)
 .text.libgcc.div
                0x00000000        0x0 c:/program files (x86)/atmel/studio/7.0/toolchain/avr8/avr8-gnu-toolchain/bin/../lib/gcc/avr/5.4.0/avr5\libgcc.a(_tablejump2.o)
 .text.libgcc.prologue
                0x00000000        0x0 c:/program files (x86)/atmel/studio/7.0/toolchain/avr8/avr8-gnu-toolchain/bin/../lib/gcc/avr/5.4.0/avr5\libgcc.a(_tablejump2.o)
 .text.libgcc.builtins
                0x00000000        0x0 c:/program files (x86)/atmel/studio/7.0/toolchain/avr8/avr8-gnu-toolchain/bin/../lib/gcc/avr/5.4.0/avr5\libgcc.a(_tablejump2.o)
 .text.libgcc.fmul
                0x00000000        0x0 c:/program files (x86)/atmel/studio/7.0/toolchain/avr8/avr8-gnu-toolchain/bin/../lib/gcc/avr/5.4.0/avr5\libgcc.a(_tablejump2.o)
 .text.libgcc.fixed
                0x00000000        0x0 c:/program files (x86)/atmel/studio/7.0/toolchain/avr8/avr8-gnu-toolchain/bin/../lib/gcc/avr/5.4.0/avr5\libgcc.a(_tablejump2.o)
 .text          0x00000000        0x0 c:/program files (x86)/atmel/studio/7.0/toolchain/avr8/avr8-gnu-toolchain/bin/../lib/gcc/avr/5.4.0/avr5\libgcc.a(_copy_data.o)
 .data          0x00000000        0x0 c:/program files (x86)/atmel/studio/7.0/toolchain/avr8/avr8-gnu-toolchain/bin/../lib/gcc/avr/5.4.0/avr5\libgcc.a(_copy_data.o)
 .bss           0x00000000        0x0 c:/program files (x86)/atmel/studio/7.0/toolchain/avr8/avr8-gnu-toolchain/bin/../lib/gcc/avr/5.4.0/avr5\libgcc.a(_copy_data.o)
 .text.libgcc.mul
                0x00000000        0x0 c:/program files (x86)/atmel/studio/7.0/toolchain/avr8/avr8-gnu-toolchain/bin/../lib/gcc/avr/5.4.0/avr5\libgcc.a(_copy_data.o)
 .text.libgcc.div
                0x00000000        0x0 c:/program files (x86)/atmel/studio/7.0/toolchain/avr8/avr8-gnu-toolchain/bin/../lib/gcc/avr/5.4.0/avr5\libgcc.a(_copy_data.o)
 .text.libgcc   0x00000000        0x0 c:/program files (x86)/atmel/studio/7.0/toolchain/avr8/avr8-gnu-toolchain/bin/../lib/gcc/avr/5.4.0/avr5\libgcc.a(_copy_data.o)
 .text.libgcc.prologue
                0x00000000        0x0 c:/program files (x86)/atmel/studio/7.0/toolchain/avr8/avr8-gnu-toolchain/bin/../lib/gcc/avr/5.4.0/avr5\libgcc.a(_copy_data.o)
 .text.libgcc.builtins
                0x00000000        0x0 c:/program files (x86)/atmel/studio/7.0/toolchain/avr8/avr8-gnu-toolchain/bin/../lib/gcc/avr/5.4.0/avr5\libgcc.a(_copy_data.o)
 .text.libgcc.fmul
                0x00000000        0x0 c:/program files (x86)/atmel/studio/7.0/toolchain/avr8/avr8-gnu-toolchain/bin/../lib/gcc/avr/5.4.0/avr5\libgcc.a(_copy_data.o)
 .text.libgcc.fixed
                0x00000000        0x0 c:/program files (x86)/atmel/studio/7.0/toolchain/avr8/avr8-gnu-toolchain/bin/../lib/gcc/avr/5.4.0/avr5\libgcc.a(_copy_data.o)
 .text          0x00000000        0x0 c:/program files (x86)/atmel/studio/7.0/toolchain/avr8/avr8-gnu-toolchain/bin/../lib/gcc/avr/5.4.0/avr5\libgcc.a(_clear_bss.o)
 .data          0x00000000        0x0 c:/program files (x86)/atmel/studio/7.0/toolchain/avr8/avr8-gnu-toolchain/bin/../lib/gcc/avr/5.4.0/avr5\libgcc.a(_clear_bss.o)
 .bss           0x00000000        0x0 c:/program files (x86)/atmel/studio/7.0/toolchain/avr8/avr8-gnu-toolchain/bin/../lib/gcc/avr/5.4.0/avr5\libgcc.a(_clear_bss.o)
 .text.libgcc.mul
                0x00000000        0x0 c:/program files (x86)/atmel/studio/7.0/toolchain/avr8/avr8-gnu-toolchain/bin/../lib/gcc/avr/5.4.0/avr5\libgcc.a(_clear_bss.o)
 .text.libgcc.div
                0x00000000        0x0 c:/program files (x86)/atmel/studio/7.0/toolchain/avr8/avr8-gnu-toolchain/bin/../lib/gcc/avr/5.4.0/avr5\libgcc.a(_clear_bss.o)
 .text.libgcc   0x00000000        0x0 c:/program files (x86)/atmel/studio/7.0/toolchain/avr8/avr8-gnu-toolchain/bin/../lib/gcc/avr/5.4.0/avr5\libgcc.a(_clear_bss.o)
 .text.libgcc.prologue
                0x00000000        0x0 c:/program files (x86)/atmel/studio/7.0/toolchain/avr8/avr8-gnu-toolchain/bin/../lib/gcc/avr/5.4.0/avr5\libgcc.a(_clear_bss.o)
 .text.libgcc.builtins
                0x00000000        0x0 c:/program files (x86)/atmel/studio/7.0/toolchain/avr8/avr8-gnu-toolchain/bin/../lib/gcc/avr/5.4.0/avr5\libgcc.a(_clear_bss.o)
 .text.libgcc.fmul
                0x00000000        0x0 c:/program files (x86)/atmel/studio/7.0/toolchain/avr8/avr8-gnu-toolchain/bin/../lib/gcc/avr/5.4.0/avr5\libgcc.a(_clear_bss.o)
 .text.libgcc.fixed
                0x00000000        0x0 c:/program files (x86)/atmel/studio/7.0/toolchain/avr8/avr8-gnu-toolchain/bin/../lib/gcc/avr/5.4.0/avr5\libgcc.a(_clear_bss.o)
 .text          0x00000000        0x0 c:/program files (x86)/atmel/studio/7.0/toolchain/avr8/avr8-gnu-toolchain/bin/../lib/gcc/avr/5.4.0/../../../../avr/lib/avr5\libc.a(atoi.o)
 .data          0x00000000        0x0 c:/program files (x86)/atmel/studio/7.0/toolchain/avr8/avr8-gnu-toolchain/bin/../lib/gcc/avr/5.4.0/../../../../avr/lib/avr5\libc.a(atoi.o)
 .bss           0x00000000        0x0 c:/program files (x86)/atmel/studio/7.0/toolchain/avr8/avr8-gnu-toolchain/bin/../lib/gcc/avr/5.4.0/../../../../avr/lib/avr5\libc.a(atoi.o)
 .text          0x00000000        0x0 c:/program files (x86)/atmel/studio/7.0/toolchain/avr8/avr8-gnu-toolchain/bin/../lib/gcc/avr/5.4.0/../../../../avr/lib/avr5\libc.a(strcmp.o)
 .data          0x00000000        0x0 c:/program files (x86)/atmel/studio/7.0/toolchain/avr8/avr8-gnu-toolchain/bin/../lib/gcc/avr/5.4.0/../../../../avr/lib/avr5\libc.a(strcmp.o)
 .bss           0x00000000        0x0 c:/program files (x86)/atmel/studio/7.0/toolchain/avr8/avr8-gnu-toolchain/bin/../lib/gcc/avr/5.4.0/../../../../avr/lib/avr5\libc.a(strcmp.o)
 .text          0x00000000        0x0 c:/program files (x86)/atmel/studio/7.0/toolchain/avr8/avr8-gnu-toolchain/bin/../lib/gcc/avr/5.4.0/../../../../avr/lib/avr5\libc.a(strcpy.o)
 .data          0x00000000        0x0 c:/program files (x86)/atmel/studio/7.0/toolchain/avr8/avr8-gnu-toolchain/bin/../lib/gcc/avr/5.4.0/../../../../avr/lib/avr5\libc.a(strcpy.o)
 .bss           0x00000000        0x0 c:/program files (x86)/atmel/studio/7.0/toolchain/avr8/avr8-gnu-toolchain/bin/../lib/gcc/avr/5.4.0/../../../../avr/lib/avr5\libc.a(strcpy.o)
 .text          0x00000000        0x0 c:/program files (x86)/atmel/studio/7.0/toolchain/avr8/avr8-gnu-toolchain/bin/../lib/gcc/avr/5.4.0/../../../../avr/lib/avr5\libc.a(itoa_ncheck.o)
 .data          0x00000000        0x0 c:/program files (x86)/atmel/studio/7.0/toolchain/avr8/avr8-gnu-toolchain/bin/../lib/gcc/avr/5.4.0/../../../../avr/lib/avr5\libc.a(itoa_ncheck.o)
 .bss           0x00000000        0x0 c:/program files (x86)/atmel/studio/7.0/toolchain/avr8/avr8-gnu-toolchain/bin/../lib/gcc/avr/5.4.0/../../../../avr/lib/avr5\libc.a(itoa_ncheck.o)
 .text.avr-libc
                0x00000000       0x16 c:/program files (x86)/atmel/studio/7.0/toolchain/avr8/avr8-gnu-toolchain/bin/../lib/gcc/avr/5.4.0/../../../../avr/lib/avr5\libc.a(itoa_ncheck.o)
 .text          0x00000000        0x0 c:/program files (x86)/atmel/studio/7.0/toolchain/avr8/avr8-gnu-toolchain/bin/../lib/gcc/avr/5.4.0/../../../../avr/lib/avr5\libc.a(mul10.o)
 .data          0x00000000        0x0 c:/program files (x86)/atmel/studio/7.0/toolchain/avr8/avr8-gnu-toolchain/bin/../lib/gcc/avr/5.4.0/../../../../avr/lib/avr5\libc.a(mul10.o)
 .bss           0x00000000        0x0 c:/program files (x86)/atmel/studio/7.0/toolchain/avr8/avr8-gnu-toolchain/bin/../lib/gcc/avr/5.4.0/../../../../avr/lib/avr5\libc.a(mul10.o)
 .text          0x00000000        0x0 c:/program files (x86)/atmel/studio/7.0/toolchain/avr8/avr8-gnu-toolchain/bin/../lib/gcc/avr/5.4.0/../../../../avr/lib/avr5\libc.a(utoa_ncheck.o)
 .data          0x00000000        0x0 c:/program files (x86)/atmel/studio/7.0/toolchain/avr8/avr8-gnu-toolchain/bin/../lib/gcc/avr/5.4.0/../../../../avr/lib/avr5\libc.a(utoa_ncheck.o)
 .bss           0x00000000        0x0 c:/program files (x86)/atmel/studio/7.0/toolchain/avr8/avr8-gnu-toolchain/bin/../lib/gcc/avr/5.4.0/../../../../avr/lib/avr5\libc.a(utoa_ncheck.o)
 .text.avr-libc
                0x00000000       0x34 c:/program files (x86)/atmel/studio/7.0/toolchain/avr8/avr8-gnu-toolchain/bin/../lib/gcc/avr/5.4.0/../../../../avr/lib/avr5\libc.a(utoa_ncheck.o)
 .text          0x00000000        0x0 c:/program files (x86)/atmel/studio/7.0/toolchain/avr8/avr8-gnu-toolchain/bin/../lib/gcc/avr/5.4.0/../../../../avr/lib/avr5\libc.a(sprintf.o)
 .data          0x00000000        0x0 c:/program files (x86)/atmel/studio/7.0/toolchain/avr8/avr8-gnu-toolchain/bin/../lib/gcc/avr/5.4.0/../../../../avr/lib/avr5\libc.a(sprintf.o)
 .bss           0x00000000        0x0 c:/program files (x86)/atmel/studio/7.0/toolchain/avr8/avr8-gnu-toolchain/bin/../lib/gcc/avr/5.4.0/../../../../avr/lib/avr5\libc.a(sprintf.o)
 .text.avr-libc
                0x00000000       0x44 c:/program files (x86)/atmel/studio/7.0/toolchain/avr8/avr8-gnu-toolchain/bin/../lib/gcc/avr/5.4.0/../../../../avr/lib/avr5\libc.a(sprintf.o)
 .comment       0x00000000       0x31 c:/program files (x86)/atmel/studio/7.0/toolchain/avr8/avr8-gnu-toolchain/bin/../lib/gcc/avr/5.4.0/../../../../avr/lib/avr5\libc.a(sprintf.o)
 .text          0x00000000        0x0 c:/program files (x86)/atmel/studio/7.0/toolchain/avr8/avr8-gnu-toolchain/bin/../lib/gcc/avr/5.4.0/../../../../avr/lib/avr5\libc.a(vfprintf_std.o)
 .data          0x00000000        0x0 c:/program files (x86)/atmel/studio/7.0/toolchain/avr8/avr8-gnu-toolchain/bin/../lib/gcc/avr/5.4.0/../../../../avr/lib/avr5\libc.a(vfprintf_std.o)
 .bss           0x00000000        0x0 c:/program files (x86)/atmel/studio/7.0/toolchain/avr8/avr8-gnu-toolchain/bin/../lib/gcc/avr/5.4.0/../../../../avr/lib/avr5\libc.a(vfprintf_std.o)
 .text.avr-libc
                0x00000000      0x3c2 c:/program files (x86)/atmel/studio/7.0/toolchain/avr8/avr8-gnu-toolchain/bin/../lib/gcc/avr/5.4.0/../../../../avr/lib/avr5\libc.a(vfprintf_std.o)
 .comment       0x00000000       0x2d c:/program files (x86)/atmel/studio/7.0/toolchain/avr8/avr8-gnu-toolchain/bin/../lib/gcc/avr/5.4.0/../../../../avr/lib/avr5\libc.a(vfprintf_std.o)
 .text          0x00000000        0x0 c:/program files (x86)/atmel/studio/7.0/toolchain/avr8/avr8-gnu-toolchain/bin/../lib/gcc/avr/5.4.0/../../../../avr/lib/avr5\libc.a(strnlen_P.o)
 .data          0x00000000        0x0 c:/program files (x86)/atmel/studio/7.0/toolchain/avr8/avr8-gnu-toolchain/bin/../lib/gcc/avr/5.4.0/../../../../avr/lib/avr5\libc.a(strnlen_P.o)
 .bss           0x00000000        0x0 c:/program files (x86)/atmel/studio/7.0/toolchain/avr8/avr8-gnu-toolchain/bin/../lib/gcc/avr/5.4.0/../../../../avr/lib/avr5\libc.a(strnlen_P.o)
 .text.avr-libc
                0x00000000       0x16 c:/program files (x86)/atmel/studio/7.0/toolchain/avr8/avr8-gnu-toolchain/bin/../lib/gcc/avr/5.4.0/../../../../avr/lib/avr5\libc.a(strnlen_P.o)
 .text          0x00000000        0x0 c:/program files (x86)/atmel/studio/7.0/toolchain/avr8/avr8-gnu-toolchain/bin/../lib/gcc/avr/5.4.0/../../../../avr/lib/avr5\libc.a(strnlen.o)
 .data          0x00000000        0x0 c:/program files (x86)/atmel/studio/7.0/toolchain/avr8/avr8-gnu-toolchain/bin/../lib/gcc/avr/5.4.0/../../../../avr/lib/avr5\libc.a(strnlen.o)
 .bss           0x00000000        0x0 c:/program files (x86)/atmel/studio/7.0/toolchain/avr8/avr8-gnu-toolchain/bin/../lib/gcc/avr/5.4.0/../../../../avr/lib/avr5\libc.a(strnlen.o)
 .text.avr-libc
                0x00000000       0x16 c:/program files (x86)/atmel/studio/7.0/toolchain/avr8/avr8-gnu-toolchain/bin/../lib/gcc/avr/5.4.0/../../../../avr/lib/avr5\libc.a(strnlen.o)
 .text          0x00000000        0x0 c:/program files (x86)/atmel/studio/7.0/toolchain/avr8/avr8-gnu-toolchain/bin/../lib/gcc/avr/5.4.0/../../../../avr/lib/avr5\libc.a(strrev.o)
 .data          0x00000000        0x0 c:/program files (x86)/atmel/studio/7.0/toolchain/avr8/avr8-gnu-toolchain/bin/../lib/gcc/avr/5.4.0/../../../../avr/lib/avr5\libc.a(strrev.o)
 .bss           0x00000000        0x0 c:/program files (x86)/atmel/studio/7.0/toolchain/avr8/avr8-gnu-toolchain/bin/../lib/gcc/avr/5.4.0/../../../../avr/lib/avr5\libc.a(strrev.o)
 .text.avr-libc
                0x00000000       0x20 c:/program files (x86)/atmel/studio/7.0/toolchain/avr8/avr8-gnu-toolchain/bin/../lib/gcc/avr/5.4.0/../../../../avr/lib/avr5\libc.a(strrev.o)
 .text          0x00000000        0x0 c:/program files (x86)/atmel/studio/7.0/toolchain/avr8/avr8-gnu-toolchain/bin/../lib/gcc/avr/5.4.0/../../../../avr/lib/avr5\libc.a(fputc.o)
 .data          0x00000000        0x0 c:/program files (x86)/atmel/studio/7.0/toolchain/avr8/avr8-gnu-toolchain/bin/../lib/gcc/avr/5.4.0/../../../../avr/lib/avr5\libc.a(fputc.o)
 .bss           0x00000000        0x0 c:/program files (x86)/atmel/studio/7.0/toolchain/avr8/avr8-gnu-toolchain/bin/../lib/gcc/avr/5.4.0/../../../../avr/lib/avr5\libc.a(fputc.o)
 .text.avr-libc
                0x00000000       0x78 c:/program files (x86)/atmel/studio/7.0/toolchain/avr8/avr8-gnu-toolchain/bin/../lib/gcc/avr/5.4.0/../../../../avr/lib/avr5\libc.a(fputc.o)
 .comment       0x00000000       0x31 c:/program files (x86)/atmel/studio/7.0/toolchain/avr8/avr8-gnu-toolchain/bin/../lib/gcc/avr/5.4.0/../../../../avr/lib/avr5\libc.a(fputc.o)
 .text          0x00000000        0x0 c:/program files (x86)/atmel/studio/7.0/toolchain/avr8/avr8-gnu-toolchain/bin/../lib/gcc/avr/5.4.0/../../../../avr/lib/avr5\libc.a(ultoa_invert.o)
 .data          0x00000000        0x0 c:/program files (x86)/atmel/studio/7.0/toolchain/avr8/avr8-gnu-toolchain/bin/../lib/gcc/avr/5.4.0/../../../../avr/lib/avr5\libc.a(ultoa_invert.o)
 .bss           0x00000000        0x0 c:/program files (x86)/atmel/studio/7.0/toolchain/avr8/avr8-gnu-toolchain/bin/../lib/gcc/avr/5.4.0/../../../../avr/lib/avr5\libc.a(ultoa_invert.o)
 .text.avr-libc
                0x00000000       0xbc c:/program files (x86)/atmel/studio/7.0/toolchain/avr8/avr8-gnu-toolchain/bin/../lib/gcc/avr/5.4.0/../../../../avr/lib/avr5\libc.a(ultoa_invert.o)
 .text          0x00000000        0x0 c:/program files (x86)/atmel/studio/7.0/toolchain/avr8/avr8-gnu-toolchain/bin/../lib/gcc/avr/5.4.0/avr5\libgcc.a(_prologue.o)
 .data          0x00000000        0x0 c:/program files (x86)/atmel/studio/7.0/toolchain/avr8/avr8-gnu-toolchain/bin/../lib/gcc/avr/5.4.0/avr5\libgcc.a(_prologue.o)
 .bss           0x00000000        0x0 c:/program files (x86)/atmel/studio/7.0/toolchain/avr8/avr8-gnu-toolchain/bin/../lib/gcc/avr/5.4.0/avr5\libgcc.a(_prologue.o)
 .text.libgcc.mul
                0x00000000        0x0 c:/program files (x86)/atmel/studio/7.0/toolchain/avr8/avr8-gnu-toolchain/bin/../lib/gcc/avr/5.4.0/avr5\libgcc.a(_prologue.o)
 .text.libgcc.div
                0x00000000        0x0 c:/program files (x86)/atmel/studio/7.0/toolchain/avr8/avr8-gnu-toolchain/bin/../lib/gcc/avr/5.4.0/avr5\libgcc.a(_prologue.o)
 .text.libgcc   0x00000000        0x0 c:/program files (x86)/atmel/studio/7.0/toolchain/avr8/avr8-gnu-toolchain/bin/../lib/gcc/avr/5.4.0/avr5\libgcc.a(_prologue.o)
 .text.libgcc.prologue
                0x00000000       0x38 c:/program files (x86)/atmel/studio/7.0/toolchain/avr8/avr8-gnu-toolchain/bin/../lib/gcc/avr/5.4.0/avr5\libgcc.a(_prologue.o)
 .text.libgcc.builtins
                0x00000000        0x0 c:/program files (x86)/atmel/studio/7.0/toolchain/avr8/avr8-gnu-toolchain/bin/../lib/gcc/avr/5.4.0/avr5\libgcc.a(_prologue.o)
 .text.libgcc.fmul
                0x00000000        0x0 c:/program files (x86)/atmel/studio/7.0/toolchain/avr8/avr8-gnu-toolchain/bin/../lib/gcc/avr/5.4.0/avr5\libgcc.a(_prologue.o)
 .text.libgcc.fixed
                0x00000000        0x0 c:/program files (x86)/atmel/studio/7.0/toolchain/avr8/avr8-gnu-toolchain/bin/../lib/gcc/avr/5.4.0/avr5\libgcc.a(_prologue.o)
 .text          0x00000000        0x0 c:/program files (x86)/atmel/studio/7.0/toolchain/avr8/avr8-gnu-toolchain/bin/../lib/gcc/avr/5.4.0/avr5\libgcc.a(_epilogue.o)
 .data          0x00000000        0x0 c:/program files (x86)/atmel/studio/7.0/toolchain/avr8/avr8-gnu-toolchain/bin/../lib/gcc/avr/5.4.0/avr5\libgcc.a(_epilogue.o)
 .bss           0x00000000        0x0 c:/program files (x86)/atmel/studio/7.0/toolchain/avr8/avr8-gnu-toolchain/bin/../lib/gcc/avr/5.4.0/avr5\libgcc.a(_epilogue.o)
 .text.libgcc.mul
                0x00000000        0x0 c:/program files (x86)/atmel/studio/7.0/toolchain/avr8/avr8-gnu-toolchain/bin/../lib/gcc/avr/5.4.0/avr5\libgcc.a(_epilogue.o)
 .text.libgcc.div
                0x00000000        0x0 c:/program files (x86)/atmel/studio/7.0/toolchain/avr8/avr8-gnu-toolchain/bin/../lib/gcc/avr/5.4.0/avr5\libgcc.a(_epilogue.o)
 .text.libgcc   0x00000000        0x0 c:/program files (x86)/atmel/studio/7.0/toolchain/avr8/avr8-gnu-toolchain/bin/../lib/gcc/avr/5.4.0/avr5\libgcc.a(_epilogue.o)
 .text.libgcc.prologue
                0x00000000       0x36 c:/program files (x86)/atmel/studio/7.0/toolchain/avr8/avr8-gnu-toolchain/bin/../lib/gcc/avr/5.4.0/avr5\libgcc.a(_epilogue.o)
 .text.libgcc.builtins
                0x00000000        0x0 c:/program files (x86)/atmel/studio/7.0/toolchain/avr8/avr8-gnu-toolchain/bin/../lib/gcc/avr/5.4.0/avr5\libgcc.a(_epilogue.o)
 .text.libgcc.fmul
                0x00000000        0x0 c:/program files (x86)/atmel/studio/7.0/toolchain/avr8/avr8-gnu-toolchain/bin/../lib/gcc/avr/5.4.0/avr5\libgcc.a(_epilogue.o)
 .text.libgcc.fixed
                0x00000000        0x0 c:/program files (x86)/atmel/studio/7.0/toolchain/avr8/avr8-gnu-toolchain/bin/../lib/gcc/avr/5.4.0/avr5\libgcc.a(_epilogue.o)

Memory Configuration

Name             Origin             Length             Attributes
text             0x00000000         0x00008000         xr
data             0x00800060         0x00000800         rw !x
eeprom           0x00810000         0x00000400         rw !x
fuse             0x00820000         0x00000002         rw !x
lock             0x00830000         0x00000400         rw !x
signature        0x00840000         0x00000400         rw !x
user_signatures  0x00850000         0x00000400         rw !x
*default*        0x00000000         0xffffffff

Linker script and memory map

LOAD C:/Program Files (x86)/Atmel/Studio/7.0/Packs/atmel/ATmega_DFP/1.7.374/gcc/dev/atmega32a/avr5/crtatmega32a.o
LOAD Application/Smart.o
LOAD HAL/AirConditioner/AC.o
LOAD HAL/Bluetooth/Bluetooth.o
LOAD HAL/Buzzer/Buzzer.o
LOAD HAL/Dimming_Light/Dimmer.o
LOAD HAL/Door_Servo/Door_Servo.o
LOAD HAL/EEPROM/EEPROM.o
LOAD HAL/Keypad_4x4/Keypad_4x4.o
LOAD HAL/LCD_16x2/LCD.o
LOAD HAL/Leds_5/Leds.o
LOAD HAL/Temperature_Sensor/Temp_Sensor.o
LOAD main.o
LOAD MCAL/Analog_To_Digital_Converter/ADC.o
LOAD MCAL/Digital_Input_Output/DIO.o
LOAD MCAL/Interrupt/Interrupt.o
LOAD MCAL/Timers/Timers.o
LOAD MCAL/TWI_I2C/TWI_I2C.o
LOAD MCAL/UART/UART.o
START GROUP
LOAD c:/program files (x86)/atmel/studio/7.0/toolchain/avr8/avr8-gnu-toolchain/bin/../lib/gcc/avr/5.4.0/../../../../avr/lib/avr5\libm.a
END GROUP
START GROUP
LOAD c:/program files (x86)/atmel/studio/7.0/toolchain/avr8/avr8-gnu-toolchain/bin/../lib/gcc/avr/5.4.0/avr5\libgcc.a
LOAD c:/program files (x86)/atmel/studio/7.0/toolchain/avr8/avr8-gnu-toolchain/bin/../lib/gcc/avr/5.4.0/../../../../avr/lib/avr5\libm.a
LOAD c:/program files (x86)/atmel/studio/7.0/toolchain/avr8/avr8-gnu-toolchain/bin/../lib/gcc/avr/5.4.0/../../../../avr/lib/avr5\libc.a
LOAD C:/Program Files (x86)/Atmel/Studio/7.0/Packs/atmel/ATmega_DFP/1.7.374/gcc/dev/atmega32a/avr5\libatmega32a.a
END GROUP
                [0x00000000]                __TEXT_REGION_ORIGIN__ = DEFINED (__TEXT_REGION_ORIGIN__)?__TEXT_REGION_ORIGIN__:0x0
                [0x00800060]                __DATA_REGION_ORIGIN__ = DEFINED (__DATA_REGION_ORIGIN__)?__DATA_REGION_ORIGIN__:0x800060
                [0x00008000]                __TEXT_REGION_LENGTH__ = DEFINED (__TEXT_REGION_LENGTH__)?__TEXT_REGION_LENGTH__:0x20000
                [0x00000800]                __DATA_REGION_LENGTH__ = DEFINED (__DATA_REGION_LENGTH__)?__DATA_REGION_LENGTH__:0xffa0
                [0x00000400]                __EEPROM_REGION_LENGTH__ = DEFINED (__EEPROM_REGION_LENGTH__)?__EEPROM_REGION_LENGTH__:0x10000
                [0x00000002]                __FUSE_REGION_LENGTH__ = DEFINED (__FUSE_REGION_LENGTH__)?__FUSE_REGION_LENGTH__:0x400
                0x00000400                __LOCK_REGION_LENGTH__ = DEFINED (__LOCK_REGION_LENGTH__)?__LOCK_REGION_LENGTH__:0x400
                0x00000400                __SIGNATURE_REGION_LENGTH__ = DEFINED (__SIGNATURE_REGION_LENGTH__)?__SIGNATURE_REGION_LENGTH__:0x400
                0x00000400                __USER_SIGNATURE_REGION_LENGTH__ = DEFINED (__USER_SIGNATURE_REGION_LENGTH__)?__USER_SIGNATURE_REGION_LENGTH__:0x400

.hash
 *(.hash)

.dynsym
 *(.dynsym)

.dynstr
 *(.dynstr)

.gnu.version
 *(.gnu.version)

.gnu.version_d
 *(.gnu.version_d)

.gnu.version_r
 *(.gnu.version_r)

.rel.init
 *(.rel.init)

.rela.init
 *(.rela.init)

.rel.text
 *(.rel.text)
 *(.rel.text.*)
 *(.rel.gnu.linkonce.t*)

.rela.text
 *(.rela.text)
 *(.rela.text.*)
 *(.rela.gnu.linkonce.t*)

.rel.fini
 *(.rel.fini)

.rela.fini
 *(.rela.fini)

.rel.rodata
 *(.rel.rodata)
 *(.rel.rodata.*)
 *(.rel.gnu.linkonce.r*)

.rela.rodata
 *(.rela.rodata)
 *(.rela.rodata.*)
 *(.rela.gnu.linkonce.r*)

.rel.data
 *(.rel.data)
 *(.rel.data.*)
 *(.rel.gnu.linkonce.d*)

.rela.data
 *(.rela.data)
 *(.rela.data.*)
 *(.rela.gnu.linkonce.d*)

.rel.ctors
 *(.rel.ctors)

.rela.ctors
 *(.rela.ctors)

.rel.dtors
 *(.rel.dtors)

.rela.dtors
 *(.rela.dtors)

.rel.got
 *(.rel.got)

.rela.got
 *(.rela.got)

.rel.bss
 *(.rel.bss)

.rela.bss
 *(.rela.bss)

.rel.plt
 *(.rel.plt)

.rela.plt
 *(.rela.plt)

.text           0x00000000     0x1ab0
 *(.vectors)
 .vectors       0x00000000       0x54 C:/Program Files (x86)/Atmel/Studio/7.0/Packs/atmel/ATmega_DFP/1.7.374/gcc/dev/atmega32a/avr5/crtatmega32a.o
                0x00000000                __vector_default
                0x00000000                __vectors
 *(.vectors)
 *(.progmem.gcc*)
 .progmem.gcc_sw_table.LCD_Process
                0x00000054        0xe HAL/LCD_16x2/LCD.o
 .progmem.gcc_sw_table.UART_Choice_Handler_1
                0x00000062       0x10 MCAL/UART/UART.o
                0x00000072                . = ALIGN (0x2)
                0x00000072                __trampolines_start = .
 *(.trampolines)
 .trampolines   0x00000072        0x0 linker stubs
 *(.trampolines*)
                0x00000072                __trampolines_end = .
 *libprintf_flt.a:*(.progmem.data)
 *libc.a:*(.progmem.data)
 *(.progmem*)
                0x00000072                . = ALIGN (0x2)
 *(.jumptables)
 *(.jumptables*)
 *(.lowtext)
 *(.lowtext*)
                0x00000072                __ctors_start = .
 *(.ctors)
                0x00000072                __ctors_end = .
                0x00000072                __dtors_start = .
 *(.dtors)
                0x00000072                __dtors_end = .
 SORT(*)(.ctors)
 SORT(*)(.dtors)
 *(.init0)
 .init0         0x00000072        0x0 C:/Program Files (x86)/Atmel/Studio/7.0/Packs/atmel/ATmega_DFP/1.7.374/gcc/dev/atmega32a/avr5/crtatmega32a.o
                0x00000072                __init
 *(.init0)
 *(.init1)
 *(.init1)
 *(.init2)
 .init2         0x00000072        0xc C:/Program Files (x86)/Atmel/Studio/7.0/Packs/atmel/ATmega_DFP/1.7.374/gcc/dev/atmega32a/avr5/crtatmega32a.o
 *(.init2)
 *(.init3)
 *(.init3)
 *(.init4)
 .init4         0x0000007e       0x16 c:/program files (x86)/atmel/studio/7.0/toolchain/avr8/avr8-gnu-toolchain/bin/../lib/gcc/avr/5.4.0/avr5\libgcc.a(_copy_data.o)
                0x0000007e                __do_copy_data
 .init4         0x00000094       0x10 c:/program files (x86)/atmel/studio/7.0/toolchain/avr8/avr8-gnu-toolchain/bin/../lib/gcc/avr/5.4.0/avr5\libgcc.a(_clear_bss.o)
                0x00000094                __do_clear_bss
 *(.init4)
 *(.init5)
 *(.init5)
 *(.init6)
 *(.init6)
 *(.init7)
 *(.init7)
 *(.init8)
 *(.init8)
 *(.init9)
 .init9         0x000000a4        0x8 C:/Program Files (x86)/Atmel/Studio/7.0/Packs/atmel/ATmega_DFP/1.7.374/gcc/dev/atmega32a/avr5/crtatmega32a.o
 *(.init9)
 *(.text)
 .text          0x000000ac        0x4 C:/Program Files (x86)/Atmel/Studio/7.0/Packs/atmel/ATmega_DFP/1.7.374/gcc/dev/atmega32a/avr5/crtatmega32a.o
                0x000000ac                __vector_1
                0x000000ac                __vector_12
                0x000000ac                __bad_interrupt
                0x000000ac                __vector_6
                0x000000ac                __vector_3
                0x000000ac                __vector_17
                0x000000ac                __vector_19
                0x000000ac                __vector_5
                0x000000ac                __vector_4
                0x000000ac                __vector_9
                0x000000ac                __vector_2
                0x000000ac                __vector_15
                0x000000ac                __vector_8
                0x000000ac                __vector_14
                0x000000ac                __vector_10
                0x000000ac                __vector_16
                0x000000ac                __vector_18
                0x000000ac                __vector_20
                0x000000b0                . = ALIGN (0x2)
 *(.text.*)
 .text.AC_Initialization
                0x000000b0        0xc HAL/AirConditioner/AC.o
                0x000000b0                AC_Initialization
 .text.AC_On    0x000000bc        0xc HAL/AirConditioner/AC.o
                0x000000bc                AC_On
 .text.AC_Off   0x000000c8        0xc HAL/AirConditioner/AC.o
                0x000000c8                AC_Off
 .text.AC_Feedback
                0x000000d4       0x9a HAL/AirConditioner/AC.o
                0x000000d4                AC_Feedback
 .text.BUZZER_On
                0x0000016e        0xc HAL/Buzzer/Buzzer.o
                0x0000016e                BUZZER_On
 .text.BUZZER_ALARM_TILL_RESET
                0x0000017a        0xa HAL/Buzzer/Buzzer.o
                0x0000017a                BUZZER_ALARM_TILL_RESET
 .text.__vector_11
                0x00000184       0x7c HAL/Dimming_Light/Dimmer.o
                0x00000184                __vector_11
 .text.Dimmer_Init
                0x00000200       0x14 HAL/Dimming_Light/Dimmer.o
                0x00000200                Dimmer_Init
 .text.Dimmer_Feedback
                0x00000214       0xae HAL/Dimming_Light/Dimmer.o
                0x00000214                Dimmer_Feedback
 .text.Dimmer_Off
                0x000002c2        0x6 HAL/Dimming_Light/Dimmer.o
                0x000002c2                Dimmer_Off
 .text.Door_Feedback
                0x000002c8       0x56 HAL/Door_Servo/Door_Servo.o
                0x000002c8                Door_Feedback
 .text.__vector_7
                0x0000031e       0x9a HAL/Door_Servo/Door_Servo.o
                0x0000031e                __vector_7
 .text.Servo_Init
                0x000003b8       0x2e HAL/Door_Servo/Door_Servo.o
                0x000003b8                Servo_Init
 .text.EEPROM_Init
                0x000003e6        0x6 HAL/EEPROM/EEPROM.o
                0x000003e6                EEPROM_Init
 .text.EEPROM_Read_Byte
                0x000003ec       0xb6 HAL/EEPROM/EEPROM.o
                0x000003ec                EEPROM_Read_Byte
 .text.EEPROM_Write_Byte
                0x000004a2       0x84 HAL/EEPROM/EEPROM.o
                0x000004a2                EEPROM_Write_Byte
 .text.EEPROM_Write_String
                0x00000526       0x42 HAL/EEPROM/EEPROM.o
                0x00000526                EEPROM_Write_String
 .text.EEPROM_Read_String
                0x00000568       0x52 HAL/EEPROM/EEPROM.o
                0x00000568                EEPROM_Read_String
 .text.EEPROM_Read_8Data
                0x000005ba       0x2e HAL/EEPROM/EEPROM.o
                0x000005ba                EEPROM_Read_8Data
 .text.EEPROM_Read_UserID_Exist
                0x000005e8       0x1a HAL/EEPROM/EEPROM.o
                0x000005e8                EEPROM_Read_UserID_Exist
 .text.EEPROM_Delete_User
                0x00000602       0x12 HAL/EEPROM/EEPROM.o
                0x00000602                EEPROM_Delete_User
 .text.EEPROM_Find_Empty_ID
                0x00000614       0x32 HAL/EEPROM/EEPROM.o
                0x00000614                EEPROM_Find_Empty_ID
 .text.EEPROM_Reg_New_User
                0x00000646       0x44 HAL/EEPROM/EEPROM.o
                0x00000646                EEPROM_Reg_New_User
 .text.KEYPAD_Initialization
                0x0000068a       0xa2 HAL/Keypad_4x4/Keypad_4x4.o
                0x0000068a                KEYPAD_Initialization
 .text.KEYPAD_Get_Pressed_Key
                0x0000072c      0x264 HAL/Keypad_4x4/Keypad_4x4.o
                0x0000072c                KEYPAD_Get_Pressed_Key
 .text.Send_Data_FallingEdge
                0x00000990       0x2e HAL/LCD_16x2/LCD.o
                0x00000990                Send_Data_FallingEdge
 .text.LCD_Send_Cmd
                0x000009be       0xac HAL/LCD_16x2/LCD.o
                0x000009be                LCD_Send_Cmd
 .text.LCD_Init
                0x00000a6a       0xca HAL/LCD_16x2/LCD.o
                0x00000a6a                LCD_Init
 .text.LCD_Set_Cursor_Position
                0x00000b34       0x3a HAL/LCD_16x2/LCD.o
                0x00000b34                LCD_Set_Cursor_Position
 .text.LCD_Send_Clear_Screen
                0x00000b6e       0x18 HAL/LCD_16x2/LCD.o
                0x00000b6e                LCD_Send_Clear_Screen
 .text.LCD_Position_Handler
                0x00000b86       0x8e HAL/LCD_16x2/LCD.o
                0x00000b86                LCD_Position_Handler
 .text.LCD_Send_Char
                0x00000c14       0xbc HAL/LCD_16x2/LCD.o
                0x00000c14                LCD_Send_Char
 .text.LCD_Cursor_Shift
                0x00000cd0       0x32 HAL/LCD_16x2/LCD.o
                0x00000cd0                LCD_Cursor_Shift
 .text.LCD_Delete_Last_Written
                0x00000d02       0x38 HAL/LCD_16x2/LCD.o
                0x00000d02                LCD_Delete_Last_Written
 .text.LCD_Send_String
                0x00000d3a       0x3e HAL/LCD_16x2/LCD.o
                0x00000d3a                LCD_Send_String
 .text.LCD_Show_Get_UserID
                0x00000d78        0xe HAL/LCD_16x2/LCD.o
                0x00000d78                LCD_Show_Get_UserID
 .text.LCD_Show_Get_Password
                0x00000d86        0xe HAL/LCD_16x2/LCD.o
                0x00000d86                LCD_Show_Get_Password
 .text.LCD_Show_Welcome_User
                0x00000d94        0xe HAL/LCD_16x2/LCD.o
                0x00000d94                LCD_Show_Welcome_User
 .text.LCD_Show_AuthFailed
                0x00000da2       0x16 HAL/LCD_16x2/LCD.o
                0x00000da2                LCD_Show_AuthFailed
 .text.LCD_Show_Main_Options
                0x00000db8       0x16 HAL/LCD_16x2/LCD.o
                0x00000db8                LCD_Show_Main_Options
 .text.LCD_Show_Invalid
                0x00000dce       0x16 HAL/LCD_16x2/LCD.o
                0x00000dce                LCD_Show_Invalid
 .text.LCD_Show_Locked
                0x00000de4       0x16 HAL/LCD_16x2/LCD.o
                0x00000de4                LCD_Show_Locked
 .text.LCD_Process
                0x00000dfa      0x200 HAL/LCD_16x2/LCD.o
                0x00000dfa                LCD_Process
 .text.LED_Init_All
                0x00000ffa       0x3e HAL/Leds_5/Leds.o
                0x00000ffa                LED_Init_All
 .text.LED_0_Off
                0x00001038        0xc HAL/Leds_5/Leds.o
                0x00001038                LED_0_Off
 .text.LED_1_Off
                0x00001044        0xc HAL/Leds_5/Leds.o
                0x00001044                LED_1_Off
 .text.LED_2_Off
                0x00001050        0xc HAL/Leds_5/Leds.o
                0x00001050                LED_2_Off
 .text.LED_3_Off
                0x0000105c        0xc HAL/Leds_5/Leds.o
                0x0000105c                LED_3_Off
 .text.LED_4_Off
                0x00001068        0xc HAL/Leds_5/Leds.o
                0x00001068                LED_4_Off
 .text.LED_0_Toggle
                0x00001074        0xc HAL/Leds_5/Leds.o
                0x00001074                LED_0_Toggle
 .text.LED_1_Toggle
                0x00001080        0xc HAL/Leds_5/Leds.o
                0x00001080                LED_1_Toggle
 .text.LED_2_Toggle
                0x0000108c        0xc HAL/Leds_5/Leds.o
                0x0000108c                LED_2_Toggle
 .text.LED_3_Toggle
                0x00001098        0xc HAL/Leds_5/Leds.o
                0x00001098                LED_3_Toggle
 .text.LED_4_Toggle
                0x000010a4        0xc HAL/Leds_5/Leds.o
                0x000010a4                LED_4_Toggle
 .text.LED_Feedback
                0x000010b0       0x62 HAL/Leds_5/Leds.o
                0x000010b0                LED_Feedback
 .text.Smart_Initialization
                0x00001112       0x42 main.o
                0x00001112                Smart_Initialization
 .text.__vector_13
                0x00001154       0x52 main.o
                0x00001154                __vector_13
 .text.Go_Next  0x000011a6        0xc main.o
                0x000011a6                Go_Next
 .text.UART_Process
                0x000011b2      0x284 main.o
                0x000011b2                UART_Process
 .text.main     0x00001436        0xe main.o
                0x00001436                main
 .text.DIO_Set_Pin_Direction
                0x00001444       0xe0 MCAL/Digital_Input_Output/DIO.o
                0x00001444                DIO_Set_Pin_Direction
 .text.DIO_Set_Pin_Output
                0x00001524      0x14c MCAL/Digital_Input_Output/DIO.o
                0x00001524                DIO_Set_Pin_Output
 .text.DIO_Get_Pin_Value
                0x00001670       0x5c MCAL/Digital_Input_Output/DIO.o
                0x00001670                DIO_Get_Pin_Value
 .text.GIE_Enable
                0x000016cc        0x8 MCAL/Interrupt/Interrupt.o
                0x000016cc                GIE_Enable
 .text.GIE_Disable
                0x000016d4        0x8 MCAL/Interrupt/Interrupt.o
                0x000016d4                GIE_Disable
 .text.Timer0_Init
                0x000016dc       0x2c MCAL/Timers/Timers.o
                0x000016dc                Timer0_Init
 .text.Timer0_Enable_Overflow_Interrupt
                0x00001708        0x8 MCAL/Timers/Timers.o
                0x00001708                Timer0_Enable_Overflow_Interrupt
 .text.TWI_Init
                0x00001710       0x18 MCAL/TWI_I2C/TWI_I2C.o
                0x00001710                TWI_Init
 .text.TWI_Check_Status
                0x00001728       0x16 MCAL/TWI_I2C/TWI_I2C.o
                0x00001728                TWI_Check_Status
 .text.TWI_Send_Stop
                0x0000173e        0x6 MCAL/TWI_I2C/TWI_I2C.o
                0x0000173e                TWI_Send_Stop
 .text.TWI_MSTR_Send_Start
                0x00001744        0xc MCAL/TWI_I2C/TWI_I2C.o
                0x00001744                TWI_MSTR_Send_Start
 .text.TWI_Receive_Data
                0x00001750       0x18 MCAL/TWI_I2C/TWI_I2C.o
                0x00001750                TWI_Receive_Data
 .text.TWI_Send_Data
                0x00001768        0xe MCAL/TWI_I2C/TWI_I2C.o
                0x00001768                TWI_Send_Data
 .text.UART_Enable_RX_Interrupt
                0x00001776        0x8 MCAL/UART/UART.o
                0x00001776                UART_Enable_RX_Interrupt
 .text.UART_Init
                0x0000177e       0x4a MCAL/UART/UART.o
                0x0000177e                UART_Init
 .text.UART_Send_Byte_Polling_8
                0x000017c8        0x8 MCAL/UART/UART.o
                0x000017c8                UART_Send_Byte_Polling_8
 .text.UART_Send_String_Polling_8
                0x000017d0       0x26 MCAL/UART/UART.o
                0x000017d0                UART_Send_String_Polling_8
 .text.UART_Receive_Byte_8
                0x000017f6        0x8 MCAL/UART/UART.o
                0x000017f6                UART_Receive_Byte_8
 .text.UART_Recieve_String_8
                0x000017fe       0x3a MCAL/UART/UART.o
                0x000017fe                UART_Recieve_String_8
 .text.UART_Show_Request_UserID
                0x00001838        0xa MCAL/UART/UART.o
                0x00001838                UART_Show_Request_UserID
 .text.UART_Show_Request_Password
                0x00001842        0xa MCAL/UART/UART.o
                0x00001842                UART_Show_Request_Password
 .text.UART_Show_Invalid
                0x0000184c        0xa MCAL/UART/UART.o
                0x0000184c                UART_Show_Invalid
 .text.UART_Show_MainMenu
                0x00001856       0x42 MCAL/UART/UART.o
                0x00001856                UART_Show_MainMenu
 .text.UART_Show_Control_Leds
                0x00001898       0x32 MCAL/UART/UART.o
                0x00001898                UART_Show_Control_Leds
 .text.UART_Show_Control_AC
                0x000018ca       0x22 MCAL/UART/UART.o
                0x000018ca                UART_Show_Control_AC
 .text.UART_Show_Control_Door
                0x000018ec       0x1a MCAL/UART/UART.o
                0x000018ec                UART_Show_Control_Door
 .text.UART_Show_Control_Dimmer
                0x00001906       0x2a MCAL/UART/UART.o
                0x00001906                UART_Show_Control_Dimmer
 .text.UART_Show_User_List
                0x00001930       0x78 MCAL/UART/UART.o
                0x00001930                UART_Show_User_List
 .text.UART_Show_Delete_ID
                0x000019a8        0xa MCAL/UART/UART.o
                0x000019a8                UART_Show_Delete_ID
 .text.UART_Show_Request_NewUsername
                0x000019b2        0xa MCAL/UART/UART.o
                0x000019b2                UART_Show_Request_NewUsername
 .text.UART_Show_Request_NewUserPassword
                0x000019bc        0xa MCAL/UART/UART.o
                0x000019bc                UART_Show_Request_NewUserPassword
 .text.UART_Logged_OFF
                0x000019c6        0xe MCAL/UART/UART.o
                0x000019c6                UART_Logged_OFF
 .text.UART_Choice_Handler_1
                0x000019d4       0x44 MCAL/UART/UART.o
                0x000019d4                UART_Choice_Handler_1
 .text.UART_Show_Login_Failed
                0x00001a18       0x1c MCAL/UART/UART.o
                0x00001a18                UART_Show_Login_Failed
 .text.libgcc   0x00001a34        0xc c:/program files (x86)/atmel/studio/7.0/toolchain/avr8/avr8-gnu-toolchain/bin/../lib/gcc/avr/5.4.0/avr5\libgcc.a(_tablejump2.o)
                0x00001a34                __tablejump2__
 .text.avr-libc
                0x00001a40       0x3c c:/program files (x86)/atmel/studio/7.0/toolchain/avr8/avr8-gnu-toolchain/bin/../lib/gcc/avr/5.4.0/../../../../avr/lib/avr5\libc.a(atoi.o)
                0x00001a40                atoi
 .text.avr-libc
                0x00001a7c       0x12 c:/program files (x86)/atmel/studio/7.0/toolchain/avr8/avr8-gnu-toolchain/bin/../lib/gcc/avr/5.4.0/../../../../avr/lib/avr5\libc.a(strcmp.o)
                0x00001a7c                strcmp
 .text.avr-libc
                0x00001a8e        0xe c:/program files (x86)/atmel/studio/7.0/toolchain/avr8/avr8-gnu-toolchain/bin/../lib/gcc/avr/5.4.0/../../../../avr/lib/avr5\libc.a(strcpy.o)
                0x00001a8e                strcpy
 .text.avr-libc
                0x00001a9c       0x10 c:/program files (x86)/atmel/studio/7.0/toolchain/avr8/avr8-gnu-toolchain/bin/../lib/gcc/avr/5.4.0/../../../../avr/lib/avr5\libc.a(mul10.o)
                0x00001a9c                __mulhi_const_10
                0x00001aac                . = ALIGN (0x2)
 *(.fini9)
 .fini9         0x00001aac        0x0 c:/program files (x86)/atmel/studio/7.0/toolchain/avr8/avr8-gnu-toolchain/bin/../lib/gcc/avr/5.4.0/avr5\libgcc.a(_exit.o)
                0x00001aac                _exit
                0x00001aac                exit
 *(.fini9)
 *(.fini8)
 *(.fini8)
 *(.fini7)
 *(.fini7)
 *(.fini6)
 *(.fini6)
 *(.fini5)
 *(.fini5)
 *(.fini4)
 *(.fini4)
 *(.fini3)
 *(.fini3)
 *(.fini2)
 *(.fini2)
 *(.fini1)
 *(.fini1)
 *(.fini0)
 .fini0         0x00001aac        0x4 c:/program files (x86)/atmel/studio/7.0/toolchain/avr8/avr8-gnu-toolchain/bin/../lib/gcc/avr/5.4.0/avr5\libgcc.a(_exit.o)
 *(.fini0)
                0x00001ab0                _etext = .

.data           0x00800060      0x5d4 load address 0x00001ab0
                0x00800060                PROVIDE (__data_start, .)
 *(.data)
 *(.data*)
 .data.Release  0x00800060        0x1 HAL/LCD_16x2/LCD.o
                0x00800060                Release
 .data.g_step   0x00800061        0x1 HAL/LCD_16x2/LCD.o
                0x00800061                g_step
 .data.EEPROM_Password
                0x00800062        0x8 main.o
 .data.EEPROM_Username
                0x0080006a        0x8 main.o
 .data.UART_global_Flag
                0x00800072        0x1 main.o
 *(.gnu.linkonce.d*)
 *(.rodata)
 *(.rodata*)
 .rodata.str1.1
                0x00800073       0x7e HAL/AirConditioner/AC.o
 .rodata.str1.1
                0x008000f1       0x7a HAL/Dimming_Light/Dimmer.o
 .rodata.str1.1
                0x0080016b       0x5a HAL/Door_Servo/Door_Servo.o
 .rodata.str1.1
                0x008001c5      0x128 HAL/LCD_16x2/LCD.o
 .rodata.str1.1
                0x008002ed        0xd HAL/Leds_5/Leds.o
 .rodata.str1.1
                0x008002fa       0xaf main.o
                                 0xd1 (size before relaxing)
 .rodata.MAX_Users_Count
                0x008003a9        0x1 main.o
                0x008003a9                MAX_Users_Count
 .rodata.Max_Failure_Login_Count
                0x008003aa        0x1 main.o
                0x008003aa                Max_Failure_Login_Count
 .rodata.str1.1
                0x008003ab      0x289 MCAL/UART/UART.o
                                0x29a (size before relaxing)
 *(.gnu.linkonce.r*)
                0x00800634                . = ALIGN (0x2)
                0x00800634                _edata = .
                0x00800634                PROVIDE (__data_end, .)

.bss            0x00800634       0x5b
                0x00800634                PROVIDE (__bss_start, .)
 *(.bss)
 *(.bss*)
 .bss.AC_State  0x00800634        0x1 HAL/AirConditioner/AC.o
                0x00800634                AC_State
 .bss.AC_State_Auto
                0x00800635        0x1 HAL/AirConditioner/AC.o
                0x00800635                AC_State_Auto
 .bss.Dimmercounter.1761
                0x00800636        0x1 HAL/Dimming_Light/Dimmer.o
 .bss.G_Dimmer_Value
                0x00800637        0x1 HAL/Dimming_Light/Dimmer.o
                0x00800637                G_Dimmer_Value
 .bss.counter.1900
                0x00800638        0x1 HAL/Door_Servo/Door_Servo.o
 .bss.door_state
                0x00800639        0x1 HAL/Door_Servo/Door_Servo.o
                0x00800639                door_state
 .bss.LCD_g_choice1
                0x0080063a        0x1 HAL/LCD_16x2/LCD.o
                0x0080063a                LCD_g_choice1
 .bss.LCD_Fail_Count
                0x0080063b        0x1 HAL/LCD_16x2/LCD.o
                0x0080063b                LCD_Fail_Count
 .bss.pass_count
                0x0080063c        0x1 HAL/LCD_16x2/LCD.o
                0x0080063c                pass_count
 .bss.user_count
                0x0080063d        0x1 HAL/LCD_16x2/LCD.o
                0x0080063d                user_count
 .bss.x         0x0080063e        0x1 HAL/LCD_16x2/LCD.o
                0x0080063e                x
 .bss.Cursor_Position
                0x0080063f        0x1 HAL/LCD_16x2/LCD.o
 .bss.UART_Password
                0x00800640        0x8 main.o
 .bss.User_ID   0x00800648        0x1 main.o
 .bss.UART_UserID
                0x00800649        0x8 main.o
 .bss.UART_Received_Flag
                0x00800651        0x1 main.o
 .bss.FailCount
                0x00800652        0x1 main.o
                0x00800652                FailCount
 *(COMMON)
 COMMON         0x00800653       0x21 HAL/LCD_16x2/LCD.o
                0x00800653                LCD_ID
                0x00800654                LCD_UserID
                0x0080065c                LCD_EE_Username
                0x00800664                LCD_Password
                0x0080066c                LCD_EE_Password
 COMMON         0x00800674       0x1b main.o
                0x00800674                g_choice_1
                0x00800675                New_UserID
                0x00800676                UART_Buffer
                0x0080067e                g_choice_2
                0x0080067f                New_Username
                0x00800687                New_Password
                0x0080068f                PROVIDE (__bss_end, .)
                0x00001ab0                __data_load_start = LOADADDR (.data)
                0x00002084                __data_load_end = (__data_load_start + SIZEOF (.data))

.noinit         0x0080068f        0x0
                [!provide]                PROVIDE (__noinit_start, .)
 *(.noinit*)
                [!provide]                PROVIDE (__noinit_end, .)
                0x0080068f                _end = .
                [!provide]                PROVIDE (__heap_start, .)

.eeprom         0x00810000        0x0
 *(.eeprom*)
                0x00810000                __eeprom_end = .

.fuse
 *(.fuse)
 *(.lfuse)
 *(.hfuse)
 *(.efuse)

.lock
 *(.lock*)

.signature
 *(.signature*)

.user_signatures
 *(.user_signatures*)

.stab
 *(.stab)

.stabstr
 *(.stabstr)

.stab.excl
 *(.stab.excl)

.stab.exclstr
 *(.stab.exclstr)

.stab.index
 *(.stab.index)

.stab.indexstr
 *(.stab.indexstr)

.comment        0x00000000       0x30
 *(.comment)
 .comment       0x00000000       0x30 HAL/AirConditioner/AC.o
                                 0x31 (size before relaxing)
 .comment       0x00000030       0x31 HAL/Buzzer/Buzzer.o
 .comment       0x00000030       0x31 HAL/Dimming_Light/Dimmer.o
 .comment       0x00000030       0x31 HAL/Door_Servo/Door_Servo.o
 .comment       0x00000030       0x31 HAL/EEPROM/EEPROM.o
 .comment       0x00000030       0x31 HAL/Keypad_4x4/Keypad_4x4.o
 .comment       0x00000030       0x31 HAL/LCD_16x2/LCD.o
 .comment       0x00000030       0x31 HAL/Leds_5/Leds.o
 .comment       0x00000030       0x31 main.o
 .comment       0x00000030       0x31 MCAL/Digital_Input_Output/DIO.o
 .comment       0x00000030       0x31 MCAL/Interrupt/Interrupt.o
 .comment       0x00000030       0x31 MCAL/Timers/Timers.o
 .comment       0x00000030       0x31 MCAL/TWI_I2C/TWI_I2C.o
 .comment       0x00000030       0x31 MCAL/UART/UART.o

.note.gnu.avr.deviceinfo
                0x00000000       0x3c
 .note.gnu.avr.deviceinfo
                0x00000000       0x3c C:/Program Files (x86)/Atmel/Studio/7.0/Packs/atmel/ATmega_DFP/1.7.374/gcc/dev/atmega32a/avr5/crtatmega32a.o

.note.gnu.build-id
 *(.note.gnu.build-id)

.debug
 *(.debug)

.line
 *(.line)

.debug_srcinfo
 *(.debug_srcinfo)

.debug_sfnames
 *(.debug_sfnames)

.debug_aranges  0x00000000      0x6c8
 *(.debug_aranges)
 .debug_aranges
                0x00000000       0x38 HAL/AirConditioner/AC.o
 .debug_aranges
                0x00000038       0x38 HAL/Buzzer/Buzzer.o
 .debug_aranges
                0x00000070       0x50 HAL/Dimming_Light/Dimmer.o
 .debug_aranges
                0x000000c0       0x30 HAL/Door_Servo/Door_Servo.o
 .debug_aranges
                0x000000f0       0x80 HAL/EEPROM/EEPROM.o
 .debug_aranges
                0x00000170       0x28 HAL/Keypad_4x4/Keypad_4x4.o
 .debug_aranges
                0x00000198       0xc0 HAL/LCD_16x2/LCD.o
 .debug_aranges
                0x00000258       0xd0 HAL/Leds_5/Leds.o
 .debug_aranges
                0x00000328       0x50 main.o
 .debug_aranges
                0x00000378       0x40 MCAL/Digital_Input_Output/DIO.o
 .debug_aranges
                0x000003b8       0x80 MCAL/Interrupt/Interrupt.o
 .debug_aranges
                0x00000438      0x118 MCAL/Timers/Timers.o
 .debug_aranges
                0x00000550       0x60 MCAL/TWI_I2C/TWI_I2C.o
 .debug_aranges
                0x000005b0      0x118 MCAL/UART/UART.o

.debug_pubnames
 *(.debug_pubnames)

.debug_info     0x00000000     0x5b4b
 *(.debug_info .gnu.linkonce.wi.*)
 .debug_info    0x00000000      0x4e6 C:/Program Files (x86)/Atmel/Studio/7.0/Packs/atmel/ATmega_DFP/1.7.374/gcc/dev/atmega32a/avr5/crtatmega32a.o
 .debug_info    0x000004e6      0x299 HAL/AirConditioner/AC.o
 .debug_info    0x0000077f      0x1b7 HAL/Buzzer/Buzzer.o
 .debug_info    0x00000936      0x336 HAL/Dimming_Light/Dimmer.o
 .debug_info    0x00000c6c      0x2d3 HAL/Door_Servo/Door_Servo.o
 .debug_info    0x00000f3f      0x8c7 HAL/EEPROM/EEPROM.o
 .debug_info    0x00001806      0x7fe HAL/Keypad_4x4/Keypad_4x4.o
 .debug_info    0x00002004     0x14c8 HAL/LCD_16x2/LCD.o
 .debug_info    0x000034cc      0x6a9 HAL/Leds_5/Leds.o
 .debug_info    0x00003b75      0xb5a main.o
 .debug_info    0x000046cf      0x251 MCAL/Digital_Input_Output/DIO.o
 .debug_info    0x00004920      0x25f MCAL/Interrupt/Interrupt.o
 .debug_info    0x00004b7f      0x3ca MCAL/Timers/Timers.o
 .debug_info    0x00004f49      0x23d MCAL/TWI_I2C/TWI_I2C.o
 .debug_info    0x00005186      0x9c5 MCAL/UART/UART.o

.debug_abbrev   0x00000000     0x151f
 *(.debug_abbrev)
 .debug_abbrev  0x00000000      0x4a3 C:/Program Files (x86)/Atmel/Studio/7.0/Packs/atmel/ATmega_DFP/1.7.374/gcc/dev/atmega32a/avr5/crtatmega32a.o
 .debug_abbrev  0x000004a3       0xed HAL/AirConditioner/AC.o
 .debug_abbrev  0x00000590       0xa9 HAL/Buzzer/Buzzer.o
 .debug_abbrev  0x00000639      0x12c HAL/Dimming_Light/Dimmer.o
 .debug_abbrev  0x00000765      0x116 HAL/Door_Servo/Door_Servo.o
 .debug_abbrev  0x0000087b      0x1ce HAL/EEPROM/EEPROM.o
 .debug_abbrev  0x00000a49       0xd1 HAL/Keypad_4x4/Keypad_4x4.o
 .debug_abbrev  0x00000b1a      0x2b8 HAL/LCD_16x2/LCD.o
 .debug_abbrev  0x00000dd2      0x103 HAL/Leds_5/Leds.o
 .debug_abbrev  0x00000ed5      0x18b main.o
 .debug_abbrev  0x00001060       0xc8 MCAL/Digital_Input_Output/DIO.o
 .debug_abbrev  0x00001128       0xb1 MCAL/Interrupt/Interrupt.o
 .debug_abbrev  0x000011d9       0x90 MCAL/Timers/Timers.o
 .debug_abbrev  0x00001269       0xd3 MCAL/TWI_I2C/TWI_I2C.o
 .debug_abbrev  0x0000133c      0x1e3 MCAL/UART/UART.o

.debug_line     0x00000000     0x2fa7
 *(.debug_line .debug_line.* .debug_line_end)
 .debug_line    0x00000000      0x116 C:/Program Files (x86)/Atmel/Studio/7.0/Packs/atmel/ATmega_DFP/1.7.374/gcc/dev/atmega32a/avr5/crtatmega32a.o
 .debug_line    0x00000116      0x1b4 HAL/AirConditioner/AC.o
 .debug_line    0x000002ca       0xfb HAL/Buzzer/Buzzer.o
 .debug_line    0x000003c5      0x268 HAL/Dimming_Light/Dimmer.o
 .debug_line    0x0000062d      0x1f8 HAL/Door_Servo/Door_Servo.o
 .debug_line    0x00000825      0x462 HAL/EEPROM/EEPROM.o
 .debug_line    0x00000c87      0x2ea HAL/Keypad_4x4/Keypad_4x4.o
 .debug_line    0x00000f71      0x938 HAL/LCD_16x2/LCD.o
 .debug_line    0x000018a9      0x2e0 HAL/Leds_5/Leds.o
 .debug_line    0x00001b89      0x573 main.o
 .debug_line    0x000020fc      0x23b MCAL/Digital_Input_Output/DIO.o
 .debug_line    0x00002337      0x1c7 MCAL/Interrupt/Interrupt.o
 .debug_line    0x000024fe      0x38c MCAL/Timers/Timers.o
 .debug_line    0x0000288a      0x19c MCAL/TWI_I2C/TWI_I2C.o
 .debug_line    0x00002a26      0x581 MCAL/UART/UART.o

.debug_frame    0x00000000      0xebc
 *(.debug_frame)
 .debug_frame   0x00000000       0x54 HAL/AirConditioner/AC.o
 .debug_frame   0x00000054       0x54 HAL/Buzzer/Buzzer.o
 .debug_frame   0x000000a8       0xcc HAL/Dimming_Light/Dimmer.o
 .debug_frame   0x00000174       0x8c HAL/Door_Servo/Door_Servo.o
 .debug_frame   0x00000200      0x1c8 HAL/EEPROM/EEPROM.o
 .debug_frame   0x000003c8       0x3c HAL/Keypad_4x4/Keypad_4x4.o
 .debug_frame   0x00000404      0x1bc HAL/LCD_16x2/LCD.o
 .debug_frame   0x000005c0      0x18c HAL/Leds_5/Leds.o
 .debug_frame   0x0000074c       0xe8 main.o
 .debug_frame   0x00000834       0x64 MCAL/Digital_Input_Output/DIO.o
 .debug_frame   0x00000898       0xe4 MCAL/Interrupt/Interrupt.o
 .debug_frame   0x0000097c      0x214 MCAL/Timers/Timers.o
 .debug_frame   0x00000b90       0xa4 MCAL/TWI_I2C/TWI_I2C.o
 .debug_frame   0x00000c34      0x288 MCAL/UART/UART.o

.debug_str      0x00000000     0x1718
 *(.debug_str)
 .debug_str     0x00000000      0x196 C:/Program Files (x86)/Atmel/Studio/7.0/Packs/atmel/ATmega_DFP/1.7.374/gcc/dev/atmega32a/avr5/crtatmega32a.o
 .debug_str     0x00000196      0x1ec HAL/AirConditioner/AC.o
                                0x20a (size before relaxing)
 .debug_str     0x00000382       0x8e HAL/Buzzer/Buzzer.o
                                0x1cb (size before relaxing)
 .debug_str     0x00000410       0xea HAL/Dimming_Light/Dimmer.o
                                0x2a7 (size before relaxing)
 .debug_str     0x000004fa       0x59 HAL/Door_Servo/Door_Servo.o
                                0x26b (size before relaxing)
 .debug_str     0x00000553      0x42f HAL/EEPROM/EEPROM.o
                                0x5c9 (size before relaxing)
 .debug_str     0x00000982       0x5e HAL/Keypad_4x4/Keypad_4x4.o
                                0x1fd (size before relaxing)
 .debug_str     0x000009e0      0x2a3 HAL/LCD_16x2/LCD.o
                                0x563 (size before relaxing)
 .debug_str     0x00000c83      0x133 HAL/Leds_5/Leds.o
                                0x2c5 (size before relaxing)
 .debug_str     0x00000db6      0x258 main.o
                                0x601 (size before relaxing)
 .debug_str     0x0000100e       0x6e MCAL/Digital_Input_Output/DIO.o
                                0x230 (size before relaxing)
 .debug_str     0x0000107c       0xc5 MCAL/Interrupt/Interrupt.o
                                0x27b (size before relaxing)
 .debug_str     0x00001141      0x354 MCAL/Timers/Timers.o
                                0x4b4 (size before relaxing)
 .debug_str     0x00001495       0x76 MCAL/TWI_I2C/TWI_I2C.o
                                0x42a (size before relaxing)
 .debug_str     0x0000150b      0x20d MCAL/UART/UART.o
                                0x515 (size before relaxing)

.debug_loc      0x00000000     0x2376
 *(.debug_loc)
 .debug_loc     0x00000000       0x6c HAL/AirConditioner/AC.o
 .debug_loc     0x0000006c      0x137 HAL/Dimming_Light/Dimmer.o
 .debug_loc     0x000001a3      0x105 HAL/Door_Servo/Door_Servo.o
 .debug_loc     0x000002a8      0xc66 HAL/EEPROM/EEPROM.o
 .debug_loc     0x00000f0e       0xaf HAL/Keypad_4x4/Keypad_4x4.o
 .debug_loc     0x00000fbd      0x9b7 HAL/LCD_16x2/LCD.o
 .debug_loc     0x00001974      0x13f HAL/Leds_5/Leds.o
 .debug_loc     0x00001ab3      0x150 main.o
 .debug_loc     0x00001c03      0x377 MCAL/Digital_Input_Output/DIO.o
 .debug_loc     0x00001f7a       0xbc MCAL/TWI_I2C/TWI_I2C.o
 .debug_loc     0x00002036      0x340 MCAL/UART/UART.o

.debug_macinfo
 *(.debug_macinfo)

.debug_weaknames
 *(.debug_weaknames)

.debug_funcnames
 *(.debug_funcnames)

.debug_typenames
 *(.debug_typenames)

.debug_varnames
 *(.debug_varnames)

.debug_pubtypes
 *(.debug_pubtypes)

.debug_ranges   0x00000000      0x600
 *(.debug_ranges)
 .debug_ranges  0x00000000       0x28 HAL/AirConditioner/AC.o
 .debug_ranges  0x00000028       0x28 HAL/Buzzer/Buzzer.o
 .debug_ranges  0x00000050       0x40 HAL/Dimming_Light/Dimmer.o
 .debug_ranges  0x00000090       0x20 HAL/Door_Servo/Door_Servo.o
 .debug_ranges  0x000000b0       0x88 HAL/EEPROM/EEPROM.o
 .debug_ranges  0x00000138       0x18 HAL/Keypad_4x4/Keypad_4x4.o
 .debug_ranges  0x00000150       0xb0 HAL/LCD_16x2/LCD.o
 .debug_ranges  0x00000200       0xc0 HAL/Leds_5/Leds.o
 .debug_ranges  0x000002c0       0x40 main.o
 .debug_ranges  0x00000300       0x30 MCAL/Digital_Input_Output/DIO.o
 .debug_ranges  0x00000330       0x70 MCAL/Interrupt/Interrupt.o
 .debug_ranges  0x000003a0      0x108 MCAL/Timers/Timers.o
 .debug_ranges  0x000004a8       0x50 MCAL/TWI_I2C/TWI_I2C.o
 .debug_ranges  0x000004f8      0x108 MCAL/UART/UART.o

.debug_macro
 *(.debug_macro)
OUTPUT(Smart_Home_D66.elf elf32-avr)
LOAD linker stubs
